Component: ARM Compiler 5.06 update 1 (build 61) Tool: armlink [4d35a8]

==============================================================================

Section Cross References

    stm32f4xx_can.o(i.CAN_DeInit) refers to stm32f4xx_rcc.o(i.RCC_APB1PeriphResetCmd) for RCC_APB1PeriphResetCmd
    stm32f4xx_can.o(i.CAN_GetITStatus) refers to stm32f4xx_can.o(i.CheckITStatus) for CheckITStatus
    stm32f4xx_gpio.o(i.GPIO_DeInit) refers to stm32f4xx_rcc.o(i.RCC_AHB1PeriphResetCmd) for RCC_AHB1PeriphResetCmd
    stm32f4xx_rcc.o(i.RCC_GetClocksFreq) refers to stm32f4xx_rcc.o(.data) for APBAHBPrescTable
    stm32f4xx_rcc.o(i.RCC_WaitForHSEStartUp) refers to stm32f4xx_rcc.o(i.RCC_GetFlagStatus) for RCC_GetFlagStatus
    stm32f4xx_syscfg.o(i.SYSCFG_DeInit) refers to stm32f4xx_rcc.o(i.RCC_APB2PeriphResetCmd) for RCC_APB2PeriphResetCmd
    stm32f4xx_tim.o(i.TIM_DeInit) refers to stm32f4xx_rcc.o(i.RCC_APB2PeriphResetCmd) for RCC_APB2PeriphResetCmd
    stm32f4xx_tim.o(i.TIM_DeInit) refers to stm32f4xx_rcc.o(i.RCC_APB1PeriphResetCmd) for RCC_APB1PeriphResetCmd
    stm32f4xx_tim.o(i.TIM_ETRClockMode1Config) refers to stm32f4xx_tim.o(i.TIM_ETRConfig) for TIM_ETRConfig
    stm32f4xx_tim.o(i.TIM_ETRClockMode2Config) refers to stm32f4xx_tim.o(i.TIM_ETRConfig) for TIM_ETRConfig
    stm32f4xx_tim.o(i.TIM_ICInit) refers to stm32f4xx_tim.o(i.TI1_Config) for TI1_Config
    stm32f4xx_tim.o(i.TIM_ICInit) refers to stm32f4xx_tim.o(i.TIM_SetIC1Prescaler) for TIM_SetIC1Prescaler
    stm32f4xx_tim.o(i.TIM_ICInit) refers to stm32f4xx_tim.o(i.TI2_Config) for TI2_Config
    stm32f4xx_tim.o(i.TIM_ICInit) refers to stm32f4xx_tim.o(i.TIM_SetIC2Prescaler) for TIM_SetIC2Prescaler
    stm32f4xx_tim.o(i.TIM_ICInit) refers to stm32f4xx_tim.o(i.TI3_Config) for TI3_Config
    stm32f4xx_tim.o(i.TIM_ICInit) refers to stm32f4xx_tim.o(i.TIM_SetIC3Prescaler) for TIM_SetIC3Prescaler
    stm32f4xx_tim.o(i.TIM_ICInit) refers to stm32f4xx_tim.o(i.TI4_Config) for TI4_Config
    stm32f4xx_tim.o(i.TIM_ICInit) refers to stm32f4xx_tim.o(i.TIM_SetIC4Prescaler) for TIM_SetIC4Prescaler
    stm32f4xx_tim.o(i.TIM_ITRxExternalClockConfig) refers to stm32f4xx_tim.o(i.TIM_SelectInputTrigger) for TIM_SelectInputTrigger
    stm32f4xx_tim.o(i.TIM_PWMIConfig) refers to stm32f4xx_tim.o(i.TI1_Config) for TI1_Config
    stm32f4xx_tim.o(i.TIM_PWMIConfig) refers to stm32f4xx_tim.o(i.TIM_SetIC1Prescaler) for TIM_SetIC1Prescaler
    stm32f4xx_tim.o(i.TIM_PWMIConfig) refers to stm32f4xx_tim.o(i.TI2_Config) for TI2_Config
    stm32f4xx_tim.o(i.TIM_PWMIConfig) refers to stm32f4xx_tim.o(i.TIM_SetIC2Prescaler) for TIM_SetIC2Prescaler
    stm32f4xx_tim.o(i.TIM_TIxExternalClockConfig) refers to stm32f4xx_tim.o(i.TI2_Config) for TI2_Config
    stm32f4xx_tim.o(i.TIM_TIxExternalClockConfig) refers to stm32f4xx_tim.o(i.TI1_Config) for TI1_Config
    stm32f4xx_tim.o(i.TIM_TIxExternalClockConfig) refers to stm32f4xx_tim.o(i.TIM_SelectInputTrigger) for TIM_SelectInputTrigger
    stm32f4xx_usart.o(i.USART_DeInit) refers to stm32f4xx_rcc.o(i.RCC_APB2PeriphResetCmd) for RCC_APB2PeriphResetCmd
    stm32f4xx_usart.o(i.USART_DeInit) refers to stm32f4xx_rcc.o(i.RCC_APB1PeriphResetCmd) for RCC_APB1PeriphResetCmd
    stm32f4xx_usart.o(i.USART_Init) refers to stm32f4xx_rcc.o(i.RCC_GetClocksFreq) for RCC_GetClocksFreq
    system_stm32f4xx.o(i.SystemCoreClockUpdate) refers to system_stm32f4xx.o(.data) for SystemCoreClock
    system_stm32f4xx.o(i.SystemInit) refers to system_stm32f4xx.o(i.SetSysClock) for SetSysClock
    startup_stm32f4xx.o(RESET) refers to startup_stm32f4xx.o(STACK) for __initial_sp
    startup_stm32f4xx.o(RESET) refers to startup_stm32f4xx.o(.text) for Reset_Handler
    startup_stm32f4xx.o(RESET) refers to usart2.o(i.USART2_IRQHandler) for USART2_IRQHandler
    startup_stm32f4xx.o(RESET) refers to btn.o(i.EXTI15_10_IRQHandler) for EXTI15_10_IRQHandler
    startup_stm32f4xx.o(.text) refers to system_stm32f4xx.o(i.SystemInit) for SystemInit
    startup_stm32f4xx.o(.text) refers to entry.o(.ARM.Collect$$$$00000000) for __main
    base.o(i.CAN_BaseInit) refers to stm32f4xx_can.o(i.CAN_Init) for CAN_Init
    base.o(i.CAN_Filter_BaseInit) refers to stm32f4xx_can.o(i.CAN_FilterInit) for CAN_FilterInit
    base.o(i.DMA_BaseInit) refers to stm32f4xx_dma.o(i.DMA_Init) for DMA_Init
    base.o(i.EXTI_BaseInit) refers to stm32f4xx_exti.o(i.EXTI_Init) for EXTI_Init
    base.o(i.GPIO_BaseInit) refers to stm32f4xx_rcc.o(i.RCC_AHB1PeriphClockCmd) for RCC_AHB1PeriphClockCmd
    base.o(i.GPIO_BaseInit) refers to stm32f4xx_gpio.o(i.GPIO_Init) for GPIO_Init
    base.o(i.IOPort_Init) refers to base.o(i.GPIO_BaseInit) for GPIO_BaseInit
    base.o(i.IOPort_Read) refers to stm32f4xx_gpio.o(i.GPIO_ReadInputDataBit) for GPIO_ReadInputDataBit
    base.o(i.IOPort_Reset) refers to stm32f4xx_gpio.o(i.GPIO_ResetBits) for GPIO_ResetBits
    base.o(i.IOPort_Set) refers to stm32f4xx_gpio.o(i.GPIO_SetBits) for GPIO_SetBits
    base.o(i.NVIC_BaseInit) refers to misc.o(i.NVIC_Init) for NVIC_Init
    base.o(i.TIM_BaseInit) refers to stm32f4xx_tim.o(i.TIM_TimeBaseInit) for TIM_TimeBaseInit
    base.o(i.TIM_OC_BaseInit) refers to stm32f4xx_tim.o(i.TIM_OC1Init) for TIM_OC1Init
    base.o(i.TIM_OC_BaseInit) refers to stm32f4xx_tim.o(i.TIM_OC1PreloadConfig) for TIM_OC1PreloadConfig
    base.o(i.TIM_OC_BaseInit) refers to stm32f4xx_tim.o(i.TIM_OC2Init) for TIM_OC2Init
    base.o(i.TIM_OC_BaseInit) refers to stm32f4xx_tim.o(i.TIM_OC2PreloadConfig) for TIM_OC2PreloadConfig
    base.o(i.TIM_OC_BaseInit) refers to stm32f4xx_tim.o(i.TIM_OC3Init) for TIM_OC3Init
    base.o(i.TIM_OC_BaseInit) refers to stm32f4xx_tim.o(i.TIM_OC3PreloadConfig) for TIM_OC3PreloadConfig
    base.o(i.TIM_OC_BaseInit) refers to stm32f4xx_tim.o(i.TIM_OC4Init) for TIM_OC4Init
    base.o(i.TIM_OC_BaseInit) refers to stm32f4xx_tim.o(i.TIM_OC4PreloadConfig) for TIM_OC4PreloadConfig
    base.o(i.USART_BaseInit) refers to stm32f4xx_usart.o(i.USART_Init) for USART_Init
    base.o(i.USART_BaseInit) refers to stm32f4xx_usart.o(i.USART_Cmd) for USART_Cmd
    btn.o(i.Btn_Config) refers to stm32f4xx_rcc.o(i.RCC_APB2PeriphClockCmd) for RCC_APB2PeriphClockCmd
    btn.o(i.Btn_Config) refers to stm32f4xx_rcc.o(i.RCC_AHB1PeriphClockCmd) for RCC_AHB1PeriphClockCmd
    btn.o(i.Btn_Config) refers to base.o(i.GPIO_BaseInit) for GPIO_BaseInit
    btn.o(i.Btn_Config) refers to stm32f4xx_syscfg.o(i.SYSCFG_EXTILineConfig) for SYSCFG_EXTILineConfig
    btn.o(i.Btn_Config) refers to base.o(i.EXTI_BaseInit) for EXTI_BaseInit
    btn.o(i.Btn_Config) refers to base.o(i.NVIC_BaseInit) for NVIC_BaseInit
    btn.o(i.EXTI15_10_IRQHandler) refers to stm32f4xx_exti.o(i.EXTI_GetITStatus) for EXTI_GetITStatus
    btn.o(i.EXTI15_10_IRQHandler) refers to stm32f4xx_exti.o(i.EXTI_ClearITPendingBit) for EXTI_ClearITPendingBit
    btn.o(i.EXTI15_10_IRQHandler) refers to stm32f4xx_gpio.o(i.GPIO_ToggleBits) for GPIO_ToggleBits
    buzzer.o(i.Buzzer_Config) refers to stm32f4xx_rcc.o(i.RCC_AHB1PeriphClockCmd) for RCC_AHB1PeriphClockCmd
    buzzer.o(i.Buzzer_Config) refers to base.o(i.GPIO_BaseInit) for GPIO_BaseInit
    buzzer.o(i.Buzzer_Config) refers to stm32f4xx_gpio.o(i.GPIO_ResetBits) for GPIO_ResetBits
    led.o(i.LED_Config) refers to stm32f4xx_rcc.o(i.RCC_AHB1PeriphClockCmd) for RCC_AHB1PeriphClockCmd
    led.o(i.LED_Config) refers to base.o(i.GPIO_BaseInit) for GPIO_BaseInit
    led.o(i.LED_Config) refers to stm32f4xx_gpio.o(i.GPIO_ResetBits) for GPIO_ResetBits
    sr04.o(i.SR04_Config) refers to base.o(i.IOPort_Init) for IOPort_Init
    sr04.o(i.SR04_Config) refers to sr04.o(.data) for index
    sr04.o(i.SR04_Data) refers to sr04.o(.data) for sr04
    sr04.o(i.SR04_Last) refers to sr04.o(.data) for index
    sr04.o(i.SR04_Next) refers to sr04.o(.data) for index
    sr04.o(i.SR04_This) refers to sr04.o(.data) for index
    sr04.o(i.SR04_Update) refers to tim2.o(i.Micros) for Micros
    sr04.o(i.SR04_Update) refers to sr04.o(i.SR04_Next) for SR04_Next
    sr04.o(i.SR04_Update) refers to base.o(i.IOPort_Reset) for IOPort_Reset
    sr04.o(i.SR04_Update) refers to delay.o(i.delay_us) for delay_us
    sr04.o(i.SR04_Update) refers to base.o(i.IOPort_Set) for IOPort_Set
    sr04.o(i.SR04_Update) refers to base.o(i.IOPort_Read) for IOPort_Read
    sr04.o(i.SR04_Update) refers to ffltl.o(.text) for __aeabi_l2f
    sr04.o(i.SR04_Update) refers to sr04.o(.data) for sr04
    sr04txp.o(i.SR04TXP_Pop) refers to crc16.o(i.CRC16Check) for CRC16Check
    sr04txp.o(i.SR04TXP_Push) refers to crc16.o(i.CRC16Append) for CRC16Append
    sr04txl.o(i.SR04TXL_TX) refers to sr04.o(i.SR04_Update) for SR04_Update
    sr04txl.o(i.SR04TXL_TX) refers to sr04.o(i.SR04_Last) for SR04_Last
    sr04txl.o(i.SR04TXL_TX) refers to sr04.o(i.SR04_Data) for SR04_Data
    sr04txl.o(i.SR04TXL_TX) refers to sr04txp.o(i.SR04TXP_Push) for SR04TXP_Push
    sr04txl.o(i.SR04TXL_TX) refers to usart2.o(i.USART2_PrintBlock) for USART2_PrintBlock
    sr04txl.o(i.SR04TXL_TX) refers to stm32f4xx_gpio.o(i.GPIO_ToggleBits) for GPIO_ToggleBits
    sr04txl.o(i.SR04TXL_TX) refers to sr04txl.o(.data) for txp
    tim2.o(i.Millis) refers to tim2.o(i.Micros) for Micros
    tim2.o(i.Second) refers to tim2.o(i.Millis) for Millis
    tim2.o(i.TIM2_Config) refers to stm32f4xx_rcc.o(i.RCC_APB1PeriphClockCmd) for RCC_APB1PeriphClockCmd
    tim2.o(i.TIM2_Config) refers to base.o(i.TIM_BaseInit) for TIM_BaseInit
    tim2.o(i.TIM2_Config) refers to stm32f4xx_tim.o(i.TIM_ARRPreloadConfig) for TIM_ARRPreloadConfig
    tim2.o(i.TIM2_Config) refers to base.o(i.NVIC_BaseInit) for NVIC_BaseInit
    tim2.o(i.TIM2_Config) refers to stm32f4xx_tim.o(i.TIM_Cmd) for TIM_Cmd
    fifo.o(i.FIFO_Create) refers to malloc.o(i.malloc) for malloc
    fifo.o(i.FIFO_Create) refers to malloc.o(i.free) for free
    fifo.o(i.FIFO_Destroy) refers to malloc.o(i.free) for free
    fifo.o(i.FIFO_Pop) refers to memcpya.o(.text) for __aeabi_memcpy
    fifo.o(i.FIFO_Pop) refers to malloc.o(i.malloc) for malloc
    fifo.o(i.FIFO_Pop) refers to malloc.o(i.free) for free
    fifo.o(i.FIFO_Push) refers to memcpya.o(.text) for __aeabi_memcpy
    fifo.o(i.FIFO_Push) refers to malloc.o(i.malloc) for malloc
    fifo.o(i.FIFO_Push) refers to malloc.o(i.free) for free
    usart2.o(i.USART2_Config) refers to stm32f4xx_rcc.o(i.RCC_APB1PeriphClockCmd) for RCC_APB1PeriphClockCmd
    usart2.o(i.USART2_Config) refers to stm32f4xx_rcc.o(i.RCC_AHB1PeriphClockCmd) for RCC_AHB1PeriphClockCmd
    usart2.o(i.USART2_Config) refers to stm32f4xx_gpio.o(i.GPIO_PinAFConfig) for GPIO_PinAFConfig
    usart2.o(i.USART2_Config) refers to base.o(i.GPIO_BaseInit) for GPIO_BaseInit
    usart2.o(i.USART2_Config) refers to base.o(i.USART_BaseInit) for USART_BaseInit
    usart2.o(i.USART2_Config) refers to stm32f4xx_usart.o(i.USART_ITConfig) for USART_ITConfig
    usart2.o(i.USART2_Config) refers to base.o(i.NVIC_BaseInit) for NVIC_BaseInit
    usart2.o(i.USART2_Config) refers to fifo.o(i.FIFO_Create) for FIFO_Create
    usart2.o(i.USART2_Config) refers to usart2.o(.data) for usart2fifo
    usart2.o(i.USART2_IRQHandler) refers to stm32f4xx_usart.o(i.USART_GetITStatus) for USART_GetITStatus
    usart2.o(i.USART2_IRQHandler) refers to fifo.o(i.FIFO_Pop) for FIFO_Pop
    usart2.o(i.USART2_IRQHandler) refers to stm32f4xx_usart.o(i.USART_GetFlagStatus) for USART_GetFlagStatus
    usart2.o(i.USART2_IRQHandler) refers to stm32f4xx_usart.o(i.USART_SendData) for USART_SendData
    usart2.o(i.USART2_IRQHandler) refers to fifo.o(i.FIFO_IsEmpty) for FIFO_IsEmpty
    usart2.o(i.USART2_IRQHandler) refers to stm32f4xx_usart.o(i.USART_ITConfig) for USART_ITConfig
    usart2.o(i.USART2_IRQHandler) refers to stm32f4xx_usart.o(i.USART_ReceiveData) for USART_ReceiveData
    usart2.o(i.USART2_IRQHandler) refers to usart2.o(.data) for usart2fifo
    usart2.o(i.USART2_PrintBlock) refers to fifo.o(i.FIFO_Push) for FIFO_Push
    usart2.o(i.USART2_PrintBlock) refers to stm32f4xx_usart.o(i.USART_ITConfig) for USART_ITConfig
    usart2.o(i.USART2_PrintBlock) refers to usart2.o(.data) for usart2fifo
    usart2.o(i.USART2_PrintChar) refers to fifo.o(i.FIFO_Push) for FIFO_Push
    usart2.o(i.USART2_PrintChar) refers to stm32f4xx_usart.o(i.USART_ITConfig) for USART_ITConfig
    usart2.o(i.USART2_PrintChar) refers to usart2.o(.data) for usart2fifo
    usart2.o(i.fputc) refers to stm32f4xx_usart.o(i.USART_GetFlagStatus) for USART_GetFlagStatus
    usart2.o(i.fputc) refers to stm32f4xx_usart.o(i.USART_SendData) for USART_SendData
    crc8.o(i.CRC8Append) refers to crc8.o(i.CRC8Calc) for CRC8Calc
    crc8.o(i.CRC8Calc) refers to crc8.o(.constdata) for CRC8Table
    crc8.o(i.CRC8Check) refers to crc8.o(i.CRC8Calc) for CRC8Calc
    crc16.o(i.CRC16Append) refers to crc16.o(i.CRC16Calc) for CRC16Calc
    crc16.o(i.CRC16Calc) refers to crc16.o(.constdata) for CRC16Table
    crc16.o(i.CRC16Check) refers to crc16.o(i.CRC16Calc) for CRC16Calc
    crc32.o(i.CRC32Append) refers to crc32.o(i.CRC32Calc) for CRC32Calc
    crc32.o(i.CRC32Calc) refers to crc32.o(.bss) for CRC32Table
    crc32.o(i.CRC32Check) refers to crc32.o(i.CRC32Calc) for CRC32Calc
    crc32.o(i.CRC32GenTab) refers to crc32.o(.data) for tab_gen_flag
    crc32.o(i.CRC32GenTab) refers to crc32.o(.bss) for CRC32Table
    main.o(i.main) refers to usart2.o(i.USART2_Config) for USART2_Config
    main.o(i.main) refers to led.o(i.LED_Config) for LED_Config
    main.o(i.main) refers to btn.o(i.Btn_Config) for Btn_Config
    main.o(i.main) refers to buzzer.o(i.Buzzer_Config) for Buzzer_Config
    main.o(i.main) refers to sr04.o(i.SR04_Config) for SR04_Config
    main.o(i.main) refers to tim2.o(i.TIM2_Config) for TIM2_Config
    main.o(i.main) refers to sr04txl.o(i.SR04TXL_TX) for SR04TXL_TX
    entry.o(.ARM.Collect$$$$00000000) refers (Special) to entry10a.o(.ARM.Collect$$$$0000000D) for __rt_final_cpp
    entry.o(.ARM.Collect$$$$00000000) refers (Special) to entry11a.o(.ARM.Collect$$$$0000000F) for __rt_final_exit
    entry.o(.ARM.Collect$$$$00000000) refers (Special) to entry7b.o(.ARM.Collect$$$$00000008) for _main_clock
    entry.o(.ARM.Collect$$$$00000000) refers (Special) to entry8b.o(.ARM.Collect$$$$0000000A) for _main_cpp_init
    entry.o(.ARM.Collect$$$$00000000) refers (Special) to entry9a.o(.ARM.Collect$$$$0000000B) for _main_init
    entry.o(.ARM.Collect$$$$00000000) refers (Special) to entry5.o(.ARM.Collect$$$$00000004) for _main_scatterload
    entry.o(.ARM.Collect$$$$00000000) refers (Special) to entry2.o(.ARM.Collect$$$$00000001) for _main_stk
    malloc.o(i.free) refers to mvars.o(.data) for __microlib_freelist
    malloc.o(i.malloc) refers to mvars.o(.data) for __microlib_freelist_initialised
    malloc.o(i.malloc) refers to mvars.o(.data) for __microlib_freelist
    malloc.o(i.malloc) refers to startup_stm32f4xx.o(HEAP) for __heap_base
    mallocr.o(i.__free$realloc) refers to mvars.o(.data) for __microlib_freelist
    mallocr.o(i.__malloc$realloc) refers to mallocr.o(i.internal_alloc) for internal_alloc
    mallocr.o(i.__malloc$realloc) refers to mvars.o(.data) for __microlib_freelist_initialised
    mallocr.o(i.__malloc$realloc) refers to startup_stm32f4xx.o(HEAP) for __heap_base
    mallocr.o(i.__malloc$realloc) refers to mvars.o(.data) for __microlib_freelist
    mallocr.o(i.internal_alloc) refers to memcpya.o(.text) for __aeabi_memcpy
    mallocr.o(i.internal_alloc) refers to mvars.o(.data) for __microlib_freelist
    mallocr.o(i.realloc) refers to mallocr.o(i.__free$realloc) for __free$realloc
    mallocr.o(i.realloc) refers to mallocr.o(i.internal_alloc) for internal_alloc
    mallocr.o(i.realloc) refers to mallocr.o(i.__malloc$realloc) for __malloc$realloc
    mallocr.o(i.realloc) refers to mvars.o(.data) for __microlib_freelist
    malloca.o(i.__aligned_malloc) refers to mvars.o(.data) for __microlib_freelist_initialised
    malloca.o(i.__aligned_malloc) refers to mvars.o(.data) for __microlib_freelist
    malloca.o(i.__aligned_malloc) refers to startup_stm32f4xx.o(HEAP) for __heap_base
    malloca.o(i.__free$memalign) refers to mvars.o(.data) for __microlib_freelist
    malloca.o(i.__malloc$memalign) refers to malloca.o(i.__aligned_malloc) for __aligned_malloc
    mallocra.o(i.__aligned_malloc$realloc) refers to mallocra.o(i.internal_alloc) for internal_alloc
    mallocra.o(i.__aligned_malloc$realloc) refers to mvars.o(.data) for __microlib_freelist_initialised
    mallocra.o(i.__aligned_malloc$realloc) refers to startup_stm32f4xx.o(HEAP) for __heap_base
    mallocra.o(i.__aligned_malloc$realloc) refers to mvars.o(.data) for __microlib_freelist
    mallocra.o(i.__free$realloc$memalign) refers to mvars.o(.data) for __microlib_freelist
    mallocra.o(i.__malloc$realloc$memalign) refers to mallocra.o(i.__aligned_malloc$realloc) for __aligned_malloc$realloc
    mallocra.o(i.__realloc$memalign) refers to mallocra.o(i.__free$realloc$memalign) for __free$realloc$memalign
    mallocra.o(i.__realloc$memalign) refers to mallocra.o(i.internal_alloc) for internal_alloc
    mallocra.o(i.__realloc$memalign) refers to mallocra.o(i.__malloc$realloc$memalign) for __malloc$realloc$memalign
    mallocra.o(i.__realloc$memalign) refers to mvars.o(.data) for __microlib_freelist
    mallocra.o(i.internal_alloc) refers to memcpya.o(.text) for __aeabi_memcpy
    mallocra.o(i.internal_alloc) refers to mvars.o(.data) for __microlib_freelist
    ffltl.o(.text) refers (Special) to iusefp.o(.text) for __I$use$fp
    ffltl.o(.text) refers to fepilogue.o(.text) for _float_epilogue
    entry2.o(.ARM.Collect$$$$00000001) refers to entry2.o(.ARM.Collect$$$$00002712) for __lit__00000000
    entry2.o(.ARM.Collect$$$$00002712) refers to startup_stm32f4xx.o(STACK) for __initial_sp
    entry2.o(__vectab_stack_and_reset_area) refers to startup_stm32f4xx.o(STACK) for __initial_sp
    entry2.o(__vectab_stack_and_reset_area) refers to entry.o(.ARM.Collect$$$$00000000) for __main
    entry5.o(.ARM.Collect$$$$00000004) refers to init.o(.text) for __scatterload
    entry9a.o(.ARM.Collect$$$$0000000B) refers to main.o(i.main) for main
    entry9b.o(.ARM.Collect$$$$0000000C) refers to main.o(i.main) for main
    init.o(.text) refers to entry5.o(.ARM.Collect$$$$00000004) for __main_after_scatterload


==============================================================================

Removing Unused input sections from the image.

    Removing misc.o(.rev16_text), (4 bytes).
    Removing misc.o(.revsh_text), (4 bytes).
    Removing misc.o(i.NVIC_PriorityGroupConfig), (20 bytes).
    Removing misc.o(i.NVIC_SetVectorTable), (20 bytes).
    Removing misc.o(i.NVIC_SystemLPConfig), (32 bytes).
    Removing misc.o(i.SysTick_CLKSourceConfig), (40 bytes).
    Removing stm32f4xx_can.o(.rev16_text), (4 bytes).
    Removing stm32f4xx_can.o(.revsh_text), (4 bytes).
    Removing stm32f4xx_can.o(i.CAN_CancelTransmit), (48 bytes).
    Removing stm32f4xx_can.o(i.CAN_ClearFlag), (56 bytes).
    Removing stm32f4xx_can.o(i.CAN_ClearITPendingBit), (168 bytes).
    Removing stm32f4xx_can.o(i.CAN_DBGFreeze), (22 bytes).
    Removing stm32f4xx_can.o(i.CAN_DeInit), (56 bytes).
    Removing stm32f4xx_can.o(i.CAN_FIFORelease), (22 bytes).
    Removing stm32f4xx_can.o(i.CAN_FilterInit), (264 bytes).
    Removing stm32f4xx_can.o(i.CAN_GetFlagStatus), (120 bytes).
    Removing stm32f4xx_can.o(i.CAN_GetITStatus), (288 bytes).
    Removing stm32f4xx_can.o(i.CAN_GetLSBTransmitErrorCounter), (12 bytes).
    Removing stm32f4xx_can.o(i.CAN_GetLastErrorCode), (12 bytes).
    Removing stm32f4xx_can.o(i.CAN_GetReceiveErrorCounter), (10 bytes).
    Removing stm32f4xx_can.o(i.CAN_ITConfig), (18 bytes).
    Removing stm32f4xx_can.o(i.CAN_Init), (276 bytes).
    Removing stm32f4xx_can.o(i.CAN_MessagePending), (30 bytes).
    Removing stm32f4xx_can.o(i.CAN_OperatingModeRequest), (162 bytes).
    Removing stm32f4xx_can.o(i.CAN_Receive), (240 bytes).
    Removing stm32f4xx_can.o(i.CAN_SlaveStartBank), (52 bytes).
    Removing stm32f4xx_can.o(i.CAN_Sleep), (30 bytes).
    Removing stm32f4xx_can.o(i.CAN_StructInit), (32 bytes).
    Removing stm32f4xx_can.o(i.CAN_TTComModeCmd), (118 bytes).
    Removing stm32f4xx_can.o(i.CAN_Transmit), (294 bytes).
    Removing stm32f4xx_can.o(i.CAN_TransmitStatus), (160 bytes).
    Removing stm32f4xx_can.o(i.CAN_WakeUp), (48 bytes).
    Removing stm32f4xx_can.o(i.CheckITStatus), (18 bytes).
    Removing stm32f4xx_dma.o(.rev16_text), (4 bytes).
    Removing stm32f4xx_dma.o(.revsh_text), (4 bytes).
    Removing stm32f4xx_dma.o(i.DMA_ClearFlag), (52 bytes).
    Removing stm32f4xx_dma.o(i.DMA_ClearITPendingBit), (52 bytes).
    Removing stm32f4xx_dma.o(i.DMA_Cmd), (22 bytes).
    Removing stm32f4xx_dma.o(i.DMA_DeInit), (344 bytes).
    Removing stm32f4xx_dma.o(i.DMA_DoubleBufferModeCmd), (22 bytes).
    Removing stm32f4xx_dma.o(i.DMA_DoubleBufferModeConfig), (24 bytes).
    Removing stm32f4xx_dma.o(i.DMA_FlowControllerConfig), (22 bytes).
    Removing stm32f4xx_dma.o(i.DMA_GetCmdStatus), (20 bytes).
    Removing stm32f4xx_dma.o(i.DMA_GetCurrDataCounter), (8 bytes).
    Removing stm32f4xx_dma.o(i.DMA_GetCurrentMemoryTarget), (20 bytes).
    Removing stm32f4xx_dma.o(i.DMA_GetFIFOStatus), (12 bytes).
    Removing stm32f4xx_dma.o(i.DMA_GetFlagStatus), (68 bytes).
    Removing stm32f4xx_dma.o(i.DMA_GetITStatus), (100 bytes).
    Removing stm32f4xx_dma.o(i.DMA_ITConfig), (58 bytes).
    Removing stm32f4xx_dma.o(i.DMA_Init), (88 bytes).
    Removing stm32f4xx_dma.o(i.DMA_MemoryTargetConfig), (10 bytes).
    Removing stm32f4xx_dma.o(i.DMA_PeriphIncOffsetSizeConfig), (22 bytes).
    Removing stm32f4xx_dma.o(i.DMA_SetCurrDataCounter), (4 bytes).
    Removing stm32f4xx_dma.o(i.DMA_StructInit), (34 bytes).
    Removing stm32f4xx_exti.o(.rev16_text), (4 bytes).
    Removing stm32f4xx_exti.o(.revsh_text), (4 bytes).
    Removing stm32f4xx_exti.o(i.EXTI_ClearFlag), (12 bytes).
    Removing stm32f4xx_exti.o(i.EXTI_DeInit), (36 bytes).
    Removing stm32f4xx_exti.o(i.EXTI_GenerateSWInterrupt), (16 bytes).
    Removing stm32f4xx_exti.o(i.EXTI_GetFlagStatus), (24 bytes).
    Removing stm32f4xx_exti.o(i.EXTI_StructInit), (16 bytes).
    Removing stm32f4xx_gpio.o(.rev16_text), (4 bytes).
    Removing stm32f4xx_gpio.o(.revsh_text), (4 bytes).
    Removing stm32f4xx_gpio.o(i.GPIO_DeInit), (256 bytes).
    Removing stm32f4xx_gpio.o(i.GPIO_PinLockConfig), (34 bytes).
    Removing stm32f4xx_gpio.o(i.GPIO_ReadInputData), (8 bytes).
    Removing stm32f4xx_gpio.o(i.GPIO_ReadOutputData), (8 bytes).
    Removing stm32f4xx_gpio.o(i.GPIO_ReadOutputDataBit), (18 bytes).
    Removing stm32f4xx_gpio.o(i.GPIO_StructInit), (18 bytes).
    Removing stm32f4xx_gpio.o(i.GPIO_Write), (4 bytes).
    Removing stm32f4xx_gpio.o(i.GPIO_WriteBit), (10 bytes).
    Removing stm32f4xx_rcc.o(.rev16_text), (4 bytes).
    Removing stm32f4xx_rcc.o(.revsh_text), (4 bytes).
    Removing stm32f4xx_rcc.o(i.RCC_AHB1PeriphClockLPModeCmd), (32 bytes).
    Removing stm32f4xx_rcc.o(i.RCC_AHB1PeriphResetCmd), (32 bytes).
    Removing stm32f4xx_rcc.o(i.RCC_AHB2PeriphClockCmd), (32 bytes).
    Removing stm32f4xx_rcc.o(i.RCC_AHB2PeriphClockLPModeCmd), (32 bytes).
    Removing stm32f4xx_rcc.o(i.RCC_AHB2PeriphResetCmd), (32 bytes).
    Removing stm32f4xx_rcc.o(i.RCC_AHB3PeriphClockCmd), (32 bytes).
    Removing stm32f4xx_rcc.o(i.RCC_AHB3PeriphClockLPModeCmd), (32 bytes).
    Removing stm32f4xx_rcc.o(i.RCC_AHB3PeriphResetCmd), (32 bytes).
    Removing stm32f4xx_rcc.o(i.RCC_APB1PeriphClockLPModeCmd), (32 bytes).
    Removing stm32f4xx_rcc.o(i.RCC_APB1PeriphResetCmd), (32 bytes).
    Removing stm32f4xx_rcc.o(i.RCC_APB2PeriphClockLPModeCmd), (32 bytes).
    Removing stm32f4xx_rcc.o(i.RCC_APB2PeriphResetCmd), (32 bytes).
    Removing stm32f4xx_rcc.o(i.RCC_AdjustHSICalibrationValue), (24 bytes).
    Removing stm32f4xx_rcc.o(i.RCC_BackupResetCmd), (12 bytes).
    Removing stm32f4xx_rcc.o(i.RCC_ClearFlag), (20 bytes).
    Removing stm32f4xx_rcc.o(i.RCC_ClearITPendingBit), (12 bytes).
    Removing stm32f4xx_rcc.o(i.RCC_ClockSecuritySystemCmd), (12 bytes).
    Removing stm32f4xx_rcc.o(i.RCC_DeInit), (72 bytes).
    Removing stm32f4xx_rcc.o(i.RCC_GetFlagStatus), (64 bytes).
    Removing stm32f4xx_rcc.o(i.RCC_GetITStatus), (24 bytes).
    Removing stm32f4xx_rcc.o(i.RCC_GetSYSCLKSource), (16 bytes).
    Removing stm32f4xx_rcc.o(i.RCC_HCLKConfig), (24 bytes).
    Removing stm32f4xx_rcc.o(i.RCC_HSEConfig), (16 bytes).
    Removing stm32f4xx_rcc.o(i.RCC_HSICmd), (12 bytes).
    Removing stm32f4xx_rcc.o(i.RCC_I2SCLKConfig), (12 bytes).
    Removing stm32f4xx_rcc.o(i.RCC_ITConfig), (32 bytes).
    Removing stm32f4xx_rcc.o(i.RCC_LSEConfig), (44 bytes).
    Removing stm32f4xx_rcc.o(i.RCC_LSICmd), (12 bytes).
    Removing stm32f4xx_rcc.o(i.RCC_MCO1Config), (28 bytes).
    Removing stm32f4xx_rcc.o(i.RCC_MCO2Config), (28 bytes).
    Removing stm32f4xx_rcc.o(i.RCC_PCLK1Config), (24 bytes).
    Removing stm32f4xx_rcc.o(i.RCC_PCLK2Config), (24 bytes).
    Removing stm32f4xx_rcc.o(i.RCC_PLLCmd), (12 bytes).
    Removing stm32f4xx_rcc.o(i.RCC_PLLConfig), (36 bytes).
    Removing stm32f4xx_rcc.o(i.RCC_PLLI2SCmd), (12 bytes).
    Removing stm32f4xx_rcc.o(i.RCC_PLLI2SConfig), (16 bytes).
    Removing stm32f4xx_rcc.o(i.RCC_RTCCLKCmd), (12 bytes).
    Removing stm32f4xx_rcc.o(i.RCC_RTCCLKConfig), (60 bytes).
    Removing stm32f4xx_rcc.o(i.RCC_SYSCLKConfig), (24 bytes).
    Removing stm32f4xx_rcc.o(i.RCC_WaitForHSEStartUp), (56 bytes).
    Removing stm32f4xx_syscfg.o(.rev16_text), (4 bytes).
    Removing stm32f4xx_syscfg.o(.revsh_text), (4 bytes).
    Removing stm32f4xx_syscfg.o(i.SYSCFG_CompensationCellCmd), (12 bytes).
    Removing stm32f4xx_syscfg.o(i.SYSCFG_DeInit), (22 bytes).
    Removing stm32f4xx_syscfg.o(i.SYSCFG_ETH_MediaInterfaceConfig), (12 bytes).
    Removing stm32f4xx_syscfg.o(i.SYSCFG_GetCompensationCellStatus), (24 bytes).
    Removing stm32f4xx_syscfg.o(i.SYSCFG_MemoryRemapConfig), (12 bytes).
    Removing stm32f4xx_tim.o(.rev16_text), (4 bytes).
    Removing stm32f4xx_tim.o(.revsh_text), (4 bytes).
    Removing stm32f4xx_tim.o(i.TI1_Config), (58 bytes).
    Removing stm32f4xx_tim.o(i.TI2_Config), (80 bytes).
    Removing stm32f4xx_tim.o(i.TI3_Config), (72 bytes).
    Removing stm32f4xx_tim.o(i.TI4_Config), (80 bytes).
    Removing stm32f4xx_tim.o(i.TIM_BDTRConfig), (32 bytes).
    Removing stm32f4xx_tim.o(i.TIM_BDTRStructInit), (18 bytes).
    Removing stm32f4xx_tim.o(i.TIM_CCPreloadControl), (24 bytes).
    Removing stm32f4xx_tim.o(i.TIM_CCxCmd), (30 bytes).
    Removing stm32f4xx_tim.o(i.TIM_CCxNCmd), (30 bytes).
    Removing stm32f4xx_tim.o(i.TIM_ClearFlag), (6 bytes).
    Removing stm32f4xx_tim.o(i.TIM_ClearITPendingBit), (6 bytes).
    Removing stm32f4xx_tim.o(i.TIM_ClearOC1Ref), (18 bytes).
    Removing stm32f4xx_tim.o(i.TIM_ClearOC2Ref), (24 bytes).
    Removing stm32f4xx_tim.o(i.TIM_ClearOC3Ref), (18 bytes).
    Removing stm32f4xx_tim.o(i.TIM_ClearOC4Ref), (24 bytes).
    Removing stm32f4xx_tim.o(i.TIM_CounterModeConfig), (18 bytes).
    Removing stm32f4xx_tim.o(i.TIM_CtrlPWMOutputs), (30 bytes).
    Removing stm32f4xx_tim.o(i.TIM_DMACmd), (18 bytes).
    Removing stm32f4xx_tim.o(i.TIM_DMAConfig), (10 bytes).
    Removing stm32f4xx_tim.o(i.TIM_DeInit), (400 bytes).
    Removing stm32f4xx_tim.o(i.TIM_ETRClockMode1Config), (54 bytes).
    Removing stm32f4xx_tim.o(i.TIM_ETRClockMode2Config), (32 bytes).
    Removing stm32f4xx_tim.o(i.TIM_ETRConfig), (28 bytes).
    Removing stm32f4xx_tim.o(i.TIM_EncoderInterfaceConfig), (66 bytes).
    Removing stm32f4xx_tim.o(i.TIM_ForcedOC1Config), (18 bytes).
    Removing stm32f4xx_tim.o(i.TIM_ForcedOC2Config), (26 bytes).
    Removing stm32f4xx_tim.o(i.TIM_ForcedOC3Config), (18 bytes).
    Removing stm32f4xx_tim.o(i.TIM_ForcedOC4Config), (26 bytes).
    Removing stm32f4xx_tim.o(i.TIM_GenerateEvent), (4 bytes).
    Removing stm32f4xx_tim.o(i.TIM_GetCapture1), (6 bytes).
    Removing stm32f4xx_tim.o(i.TIM_GetCapture2), (6 bytes).
    Removing stm32f4xx_tim.o(i.TIM_GetCapture3), (6 bytes).
    Removing stm32f4xx_tim.o(i.TIM_GetCapture4), (6 bytes).
    Removing stm32f4xx_tim.o(i.TIM_GetCounter), (6 bytes).
    Removing stm32f4xx_tim.o(i.TIM_GetFlagStatus), (18 bytes).
    Removing stm32f4xx_tim.o(i.TIM_GetITStatus), (34 bytes).
    Removing stm32f4xx_tim.o(i.TIM_GetPrescaler), (6 bytes).
    Removing stm32f4xx_tim.o(i.TIM_ICInit), (110 bytes).
    Removing stm32f4xx_tim.o(i.TIM_ICStructInit), (18 bytes).
    Removing stm32f4xx_tim.o(i.TIM_ITConfig), (18 bytes).
    Removing stm32f4xx_tim.o(i.TIM_ITRxExternalClockConfig), (24 bytes).
    Removing stm32f4xx_tim.o(i.TIM_InternalClockConfig), (12 bytes).
    Removing stm32f4xx_tim.o(i.TIM_OC1FastConfig), (18 bytes).
    Removing stm32f4xx_tim.o(i.TIM_OC1Init), (124 bytes).
    Removing stm32f4xx_tim.o(i.TIM_OC1NPolarityConfig), (18 bytes).
    Removing stm32f4xx_tim.o(i.TIM_OC1PolarityConfig), (18 bytes).
    Removing stm32f4xx_tim.o(i.TIM_OC1PreloadConfig), (18 bytes).
    Removing stm32f4xx_tim.o(i.TIM_OC2FastConfig), (26 bytes).
    Removing stm32f4xx_tim.o(i.TIM_OC2Init), (164 bytes).
    Removing stm32f4xx_tim.o(i.TIM_OC2NPolarityConfig), (26 bytes).
    Removing stm32f4xx_tim.o(i.TIM_OC2PolarityConfig), (26 bytes).
    Removing stm32f4xx_tim.o(i.TIM_OC2PreloadConfig), (26 bytes).
    Removing stm32f4xx_tim.o(i.TIM_OC3FastConfig), (18 bytes).
    Removing stm32f4xx_tim.o(i.TIM_OC3Init), (160 bytes).
    Removing stm32f4xx_tim.o(i.TIM_OC3NPolarityConfig), (26 bytes).
    Removing stm32f4xx_tim.o(i.TIM_OC3PolarityConfig), (26 bytes).
    Removing stm32f4xx_tim.o(i.TIM_OC3PreloadConfig), (18 bytes).
    Removing stm32f4xx_tim.o(i.TIM_OC4FastConfig), (26 bytes).
    Removing stm32f4xx_tim.o(i.TIM_OC4Init), (120 bytes).
    Removing stm32f4xx_tim.o(i.TIM_OC4PolarityConfig), (26 bytes).
    Removing stm32f4xx_tim.o(i.TIM_OC4PreloadConfig), (26 bytes).
    Removing stm32f4xx_tim.o(i.TIM_OCStructInit), (20 bytes).
    Removing stm32f4xx_tim.o(i.TIM_PWMIConfig), (124 bytes).
    Removing stm32f4xx_tim.o(i.TIM_PrescalerConfig), (6 bytes).
    Removing stm32f4xx_tim.o(i.TIM_RemapConfig), (6 bytes).
    Removing stm32f4xx_tim.o(i.TIM_SelectCCDMA), (24 bytes).
    Removing stm32f4xx_tim.o(i.TIM_SelectCOM), (24 bytes).
    Removing stm32f4xx_tim.o(i.TIM_SelectHallSensor), (24 bytes).
    Removing stm32f4xx_tim.o(i.TIM_SelectInputTrigger), (18 bytes).
    Removing stm32f4xx_tim.o(i.TIM_SelectMasterSlaveMode), (18 bytes).
    Removing stm32f4xx_tim.o(i.TIM_SelectOCxM), (86 bytes).
    Removing stm32f4xx_tim.o(i.TIM_SelectOnePulseMode), (18 bytes).
    Removing stm32f4xx_tim.o(i.TIM_SelectOutputTrigger), (18 bytes).
    Removing stm32f4xx_tim.o(i.TIM_SelectSlaveMode), (18 bytes).
    Removing stm32f4xx_tim.o(i.TIM_SetAutoreload), (4 bytes).
    Removing stm32f4xx_tim.o(i.TIM_SetClockDivision), (18 bytes).
    Removing stm32f4xx_tim.o(i.TIM_SetCompare1), (4 bytes).
    Removing stm32f4xx_tim.o(i.TIM_SetCompare2), (4 bytes).
    Removing stm32f4xx_tim.o(i.TIM_SetCompare3), (4 bytes).
    Removing stm32f4xx_tim.o(i.TIM_SetCompare4), (4 bytes).
    Removing stm32f4xx_tim.o(i.TIM_SetCounter), (4 bytes).
    Removing stm32f4xx_tim.o(i.TIM_SetIC1Prescaler), (18 bytes).
    Removing stm32f4xx_tim.o(i.TIM_SetIC2Prescaler), (26 bytes).
    Removing stm32f4xx_tim.o(i.TIM_SetIC3Prescaler), (18 bytes).
    Removing stm32f4xx_tim.o(i.TIM_SetIC4Prescaler), (26 bytes).
    Removing stm32f4xx_tim.o(i.TIM_TIxExternalClockConfig), (62 bytes).
    Removing stm32f4xx_tim.o(i.TIM_TimeBaseStructInit), (18 bytes).
    Removing stm32f4xx_tim.o(i.TIM_UpdateDisableConfig), (24 bytes).
    Removing stm32f4xx_tim.o(i.TIM_UpdateRequestConfig), (24 bytes).
    Removing stm32f4xx_usart.o(.rev16_text), (4 bytes).
    Removing stm32f4xx_usart.o(.revsh_text), (4 bytes).
    Removing stm32f4xx_usart.o(i.USART_ClearFlag), (18 bytes).
    Removing stm32f4xx_usart.o(i.USART_ClearITPendingBit), (30 bytes).
    Removing stm32f4xx_usart.o(i.USART_ClockInit), (32 bytes).
    Removing stm32f4xx_usart.o(i.USART_ClockStructInit), (12 bytes).
    Removing stm32f4xx_usart.o(i.USART_DMACmd), (18 bytes).
    Removing stm32f4xx_usart.o(i.USART_DeInit), (180 bytes).
    Removing stm32f4xx_usart.o(i.USART_HalfDuplexCmd), (24 bytes).
    Removing stm32f4xx_usart.o(i.USART_IrDACmd), (24 bytes).
    Removing stm32f4xx_usart.o(i.USART_IrDAConfig), (18 bytes).
    Removing stm32f4xx_usart.o(i.USART_LINBreakDetectLengthConfig), (18 bytes).
    Removing stm32f4xx_usart.o(i.USART_LINCmd), (24 bytes).
    Removing stm32f4xx_usart.o(i.USART_OneBitMethodCmd), (24 bytes).
    Removing stm32f4xx_usart.o(i.USART_OverSampling8Cmd), (22 bytes).
    Removing stm32f4xx_usart.o(i.USART_ReceiverWakeUpCmd), (24 bytes).
    Removing stm32f4xx_usart.o(i.USART_SendBreak), (10 bytes).
    Removing stm32f4xx_usart.o(i.USART_SetAddress), (18 bytes).
    Removing stm32f4xx_usart.o(i.USART_SetGuardTime), (16 bytes).
    Removing stm32f4xx_usart.o(i.USART_SetPrescaler), (16 bytes).
    Removing stm32f4xx_usart.o(i.USART_SmartCardCmd), (24 bytes).
    Removing stm32f4xx_usart.o(i.USART_SmartCardNACKCmd), (24 bytes).
    Removing stm32f4xx_usart.o(i.USART_StructInit), (24 bytes).
    Removing stm32f4xx_usart.o(i.USART_WakeUpConfig), (18 bytes).
    Removing system_stm32f4xx.o(.rev16_text), (4 bytes).
    Removing system_stm32f4xx.o(.revsh_text), (4 bytes).
    Removing system_stm32f4xx.o(i.SystemCoreClockUpdate), (192 bytes).
    Removing system_stm32f4xx.o(.data), (20 bytes).
    Removing base.o(.rev16_text), (4 bytes).
    Removing base.o(.revsh_text), (4 bytes).
    Removing base.o(i.CAN_BaseInit), (82 bytes).
    Removing base.o(i.CAN_Filter_BaseInit), (68 bytes).
    Removing base.o(i.DMA_BaseInit), (84 bytes).
    Removing base.o(i.TIM_OC_BaseInit), (146 bytes).
    Removing btn.o(.rev16_text), (4 bytes).
    Removing btn.o(.revsh_text), (4 bytes).
    Removing buzzer.o(.rev16_text), (4 bytes).
    Removing buzzer.o(.revsh_text), (4 bytes).
    Removing led.o(.rev16_text), (4 bytes).
    Removing led.o(.revsh_text), (4 bytes).
    Removing sr04.o(.rev16_text), (4 bytes).
    Removing sr04.o(.revsh_text), (4 bytes).
    Removing sr04.o(i.SR04_This), (12 bytes).
    Removing sr04txp.o(.rev16_text), (4 bytes).
    Removing sr04txp.o(.revsh_text), (4 bytes).
    Removing sr04txp.o(i.SR04TXP_Pop), (44 bytes).
    Removing sr04txl.o(.rev16_text), (4 bytes).
    Removing sr04txl.o(.revsh_text), (4 bytes).
    Removing tim2.o(.rev16_text), (4 bytes).
    Removing tim2.o(.revsh_text), (4 bytes).
    Removing tim2.o(i.Millis), (16 bytes).
    Removing tim2.o(i.Second), (16 bytes).
    Removing fifo.o(i.FIFO_Destroy), (14 bytes).
    Removing fifo.o(i.FIFO_GetFreeSpace), (6 bytes).
    Removing fifo.o(i.FIFO_GetUsedSpace), (6 bytes).
    Removing fifo.o(i.FIFO_IsFull), (14 bytes).
    Removing delay.o(.rev16_text), (4 bytes).
    Removing delay.o(.revsh_text), (4 bytes).
    Removing delay.o(i.delay_ms), (28 bytes).
    Removing usart2.o(.rev16_text), (4 bytes).
    Removing usart2.o(.revsh_text), (4 bytes).
    Removing usart2.o(i.USART2_PrintChar), (36 bytes).
    Removing usart2.o(i.fputc), (36 bytes).
    Removing crc8.o(i.CRC8Append), (28 bytes).
    Removing crc8.o(i.CRC8Calc), (32 bytes).
    Removing crc8.o(i.CRC8Check), (44 bytes).
    Removing crc8.o(.constdata), (257 bytes).
    Removing crc16.o(i.CRC16Check), (58 bytes).
    Removing crc32.o(i.CRC32Append), (30 bytes).
    Removing crc32.o(i.CRC32Calc), (60 bytes).
    Removing crc32.o(i.CRC32Check), (48 bytes).
    Removing crc32.o(i.CRC32GenTab), (80 bytes).
    Removing crc32.o(.bss), (1024 bytes).
    Removing crc32.o(.constdata), (4 bytes).
    Removing crc32.o(.data), (1 bytes).
    Removing main.o(.rev16_text), (4 bytes).
    Removing main.o(.revsh_text), (4 bytes).

288 unused section(s) (total 11698 bytes) removed from the image.

==============================================================================

Image Symbol Table

    Local Symbols

    Symbol Name                              Value     Ov Type        Size  Object(Section)

    ../clib/microlib/init/entry.s            0x00000000   Number         0  entry.o ABSOLUTE
    ../clib/microlib/init/entry.s            0x00000000   Number         0  entry2.o ABSOLUTE
    ../clib/microlib/init/entry.s            0x00000000   Number         0  entry11b.o ABSOLUTE
    ../clib/microlib/init/entry.s            0x00000000   Number         0  entry11a.o ABSOLUTE
    ../clib/microlib/init/entry.s            0x00000000   Number         0  entry5.o ABSOLUTE
    ../clib/microlib/init/entry.s            0x00000000   Number         0  entry10b.o ABSOLUTE
    ../clib/microlib/init/entry.s            0x00000000   Number         0  entry10a.o ABSOLUTE
    ../clib/microlib/init/entry.s            0x00000000   Number         0  entry9b.o ABSOLUTE
    ../clib/microlib/init/entry.s            0x00000000   Number         0  entry7a.o ABSOLUTE
    ../clib/microlib/init/entry.s            0x00000000   Number         0  entry8b.o ABSOLUTE
    ../clib/microlib/init/entry.s            0x00000000   Number         0  entry8a.o ABSOLUTE
    ../clib/microlib/init/entry.s            0x00000000   Number         0  entry7b.o ABSOLUTE
    ../clib/microlib/init/entry.s            0x00000000   Number         0  entry9a.o ABSOLUTE
    ../clib/microlib/malloc/malloc.c         0x00000000   Number         0  malloc.o ABSOLUTE
    ../clib/microlib/malloc/malloc.c         0x00000000   Number         0  malloca.o ABSOLUTE
    ../clib/microlib/malloc/malloc.c         0x00000000   Number         0  mallocr.o ABSOLUTE
    ../clib/microlib/malloc/malloc.c         0x00000000   Number         0  mallocra.o ABSOLUTE
    ../clib/microlib/malloc/mvars.c          0x00000000   Number         0  mvars.o ABSOLUTE
    ../clib/microlib/string/memcpy.c         0x00000000   Number         0  memcpyb.o ABSOLUTE
    ../clib/microlib/string/memcpy.c         0x00000000   Number         0  memcpya.o ABSOLUTE
    ../clib/microlib/stubs.s                 0x00000000   Number         0  iusefp.o ABSOLUTE
    ../fplib/microlib/fpepilogue.c           0x00000000   Number         0  fepilogue.o ABSOLUTE
    ../fplib/microlib/fpflt.c                0x00000000   Number         0  ffltl.o ABSOLUTE
    ..\\lib\\misc.c                          0x00000000   Number         0  misc.o ABSOLUTE
    ..\\lib\\stm32f4xx_can.c                 0x00000000   Number         0  stm32f4xx_can.o ABSOLUTE
    ..\\lib\\stm32f4xx_dma.c                 0x00000000   Number         0  stm32f4xx_dma.o ABSOLUTE
    ..\\lib\\stm32f4xx_exti.c                0x00000000   Number         0  stm32f4xx_exti.o ABSOLUTE
    ..\\lib\\stm32f4xx_gpio.c                0x00000000   Number         0  stm32f4xx_gpio.o ABSOLUTE
    ..\\lib\\stm32f4xx_rcc.c                 0x00000000   Number         0  stm32f4xx_rcc.o ABSOLUTE
    ..\\lib\\stm32f4xx_syscfg.c              0x00000000   Number         0  stm32f4xx_syscfg.o ABSOLUTE
    ..\\lib\\stm32f4xx_tim.c                 0x00000000   Number         0  stm32f4xx_tim.o ABSOLUTE
    ..\\lib\\stm32f4xx_usart.c               0x00000000   Number         0  stm32f4xx_usart.o ABSOLUTE
    ..\\lib\\system_stm32f4xx.c              0x00000000   Number         0  system_stm32f4xx.o ABSOLUTE
    ..\\usr\\base.c                          0x00000000   Number         0  base.o ABSOLUTE
    ..\\usr\\btn.c                           0x00000000   Number         0  btn.o ABSOLUTE
    ..\\usr\\buzzer.c                        0x00000000   Number         0  buzzer.o ABSOLUTE
    ..\\usr\\delay.c                         0x00000000   Number         0  delay.o ABSOLUTE
    ..\\usr\\led.c                           0x00000000   Number         0  led.o ABSOLUTE
    ..\\usr\\main.c                          0x00000000   Number         0  main.o ABSOLUTE
    ..\\usr\\sr04.c                          0x00000000   Number         0  sr04.o ABSOLUTE
    ..\\usr\\sr04txl.c                       0x00000000   Number         0  sr04txl.o ABSOLUTE
    ..\\usr\\sr04txp.c                       0x00000000   Number         0  sr04txp.o ABSOLUTE
    ..\\usr\\tim2.c                          0x00000000   Number         0  tim2.o ABSOLUTE
    ..\\usr\\usart2.c                        0x00000000   Number         0  usart2.o ABSOLUTE
    ..\lib\misc.c                            0x00000000   Number         0  misc.o ABSOLUTE
    ..\lib\startup_stm32f4xx.s               0x00000000   Number         0  startup_stm32f4xx.o ABSOLUTE
    ..\lib\stm32f4xx_can.c                   0x00000000   Number         0  stm32f4xx_can.o ABSOLUTE
    ..\lib\stm32f4xx_dma.c                   0x00000000   Number         0  stm32f4xx_dma.o ABSOLUTE
    ..\lib\stm32f4xx_exti.c                  0x00000000   Number         0  stm32f4xx_exti.o ABSOLUTE
    ..\lib\stm32f4xx_gpio.c                  0x00000000   Number         0  stm32f4xx_gpio.o ABSOLUTE
    ..\lib\stm32f4xx_rcc.c                   0x00000000   Number         0  stm32f4xx_rcc.o ABSOLUTE
    ..\lib\stm32f4xx_syscfg.c                0x00000000   Number         0  stm32f4xx_syscfg.o ABSOLUTE
    ..\lib\stm32f4xx_tim.c                   0x00000000   Number         0  stm32f4xx_tim.o ABSOLUTE
    ..\lib\stm32f4xx_usart.c                 0x00000000   Number         0  stm32f4xx_usart.o ABSOLUTE
    ..\lib\system_stm32f4xx.c                0x00000000   Number         0  system_stm32f4xx.o ABSOLUTE
    ..\usr\base.c                            0x00000000   Number         0  base.o ABSOLUTE
    ..\usr\btn.c                             0x00000000   Number         0  btn.o ABSOLUTE
    ..\usr\buzzer.c                          0x00000000   Number         0  buzzer.o ABSOLUTE
    ..\usr\crc16.c                           0x00000000   Number         0  crc16.o ABSOLUTE
    ..\usr\crc32.c                           0x00000000   Number         0  crc32.o ABSOLUTE
    ..\usr\crc8.c                            0x00000000   Number         0  crc8.o ABSOLUTE
    ..\usr\delay.c                           0x00000000   Number         0  delay.o ABSOLUTE
    ..\usr\fifo.c                            0x00000000   Number         0  fifo.o ABSOLUTE
    ..\usr\led.c                             0x00000000   Number         0  led.o ABSOLUTE
    ..\usr\main.c                            0x00000000   Number         0  main.o ABSOLUTE
    ..\usr\sr04.c                            0x00000000   Number         0  sr04.o ABSOLUTE
    ..\usr\sr04txl.c                         0x00000000   Number         0  sr04txl.o ABSOLUTE
    ..\usr\sr04txp.c                         0x00000000   Number         0  sr04txp.o ABSOLUTE
    ..\usr\tim2.c                            0x00000000   Number         0  tim2.o ABSOLUTE
    ..\usr\usart2.c                          0x00000000   Number         0  usart2.o ABSOLUTE
    dc.s                                     0x00000000   Number         0  dc.o ABSOLUTE
    handlers.s                               0x00000000   Number         0  handlers.o ABSOLUTE
    init.s                                   0x00000000   Number         0  init.o ABSOLUTE
    RESET                                    0x08000000   Section      392  startup_stm32f4xx.o(RESET)
    .ARM.Collect$$$$00000000                 0x08000188   Section        0  entry.o(.ARM.Collect$$$$00000000)
    .ARM.Collect$$$$00000001                 0x08000188   Section        4  entry2.o(.ARM.Collect$$$$00000001)
    .ARM.Collect$$$$00000004                 0x0800018c   Section        4  entry5.o(.ARM.Collect$$$$00000004)
    .ARM.Collect$$$$00000008                 0x08000190   Section        0  entry7b.o(.ARM.Collect$$$$00000008)
    .ARM.Collect$$$$0000000A                 0x08000190   Section        0  entry8b.o(.ARM.Collect$$$$0000000A)
    .ARM.Collect$$$$0000000B                 0x08000190   Section        8  entry9a.o(.ARM.Collect$$$$0000000B)
    .ARM.Collect$$$$0000000D                 0x08000198   Section        0  entry10a.o(.ARM.Collect$$$$0000000D)
    .ARM.Collect$$$$0000000F                 0x08000198   Section        0  entry11a.o(.ARM.Collect$$$$0000000F)
    .ARM.Collect$$$$00002712                 0x08000198   Section        4  entry2.o(.ARM.Collect$$$$00002712)
    __lit__00000000                          0x08000198   Data           4  entry2.o(.ARM.Collect$$$$00002712)
    .text                                    0x0800019c   Section       36  startup_stm32f4xx.o(.text)
    $v0                                      0x0800019c   Number         0  startup_stm32f4xx.o(.text)
    .text                                    0x080001c0   Section        0  memcpya.o(.text)
    .text                                    0x080001e4   Section        0  ffltl.o(.text)
    .text                                    0x08000210   Section        0  iusefp.o(.text)
    .text                                    0x08000210   Section        0  fepilogue.o(.text)
    .text                                    0x08000280   Section       36  init.o(.text)
    i.Btn_Config                             0x080002a4   Section        0  btn.o(i.Btn_Config)
    i.Buzzer_Config                          0x080002f0   Section        0  buzzer.o(i.Buzzer_Config)
    i.CRC16Append                            0x0800031c   Section        0  crc16.o(i.CRC16Append)
    i.CRC16Calc                              0x08000348   Section        0  crc16.o(i.CRC16Calc)
    i.EXTI15_10_IRQHandler                   0x0800037c   Section        0  btn.o(i.EXTI15_10_IRQHandler)
    i.EXTI_BaseInit                          0x080003a0   Section        0  base.o(i.EXTI_BaseInit)
    i.EXTI_ClearITPendingBit                 0x080003c4   Section        0  stm32f4xx_exti.o(i.EXTI_ClearITPendingBit)
    i.EXTI_GetITStatus                       0x080003d0   Section        0  stm32f4xx_exti.o(i.EXTI_GetITStatus)
    i.EXTI_Init                              0x080003f8   Section        0  stm32f4xx_exti.o(i.EXTI_Init)
    i.FIFO_Create                            0x0800048c   Section        0  fifo.o(i.FIFO_Create)
    i.FIFO_IsEmpty                           0x080004c2   Section        0  fifo.o(i.FIFO_IsEmpty)
    i.FIFO_Pop                               0x080004d0   Section        0  fifo.o(i.FIFO_Pop)
    i.FIFO_Push                              0x0800054c   Section        0  fifo.o(i.FIFO_Push)
    i.GPIO_BaseInit                          0x080005e8   Section        0  base.o(i.GPIO_BaseInit)
    i.GPIO_Init                              0x080006b8   Section        0  stm32f4xx_gpio.o(i.GPIO_Init)
    i.GPIO_PinAFConfig                       0x08000748   Section        0  stm32f4xx_gpio.o(i.GPIO_PinAFConfig)
    i.GPIO_ReadInputDataBit                  0x0800078e   Section        0  stm32f4xx_gpio.o(i.GPIO_ReadInputDataBit)
    i.GPIO_ResetBits                         0x080007a0   Section        0  stm32f4xx_gpio.o(i.GPIO_ResetBits)
    i.GPIO_SetBits                           0x080007a4   Section        0  stm32f4xx_gpio.o(i.GPIO_SetBits)
    i.GPIO_ToggleBits                        0x080007a8   Section        0  stm32f4xx_gpio.o(i.GPIO_ToggleBits)
    i.IOPort_Init                            0x080007b0   Section        0  base.o(i.IOPort_Init)
    i.IOPort_Read                            0x080007d4   Section        0  base.o(i.IOPort_Read)
    i.IOPort_Reset                           0x080007e4   Section        0  base.o(i.IOPort_Reset)
    i.IOPort_Set                             0x080007f4   Section        0  base.o(i.IOPort_Set)
    i.LED_Config                             0x08000804   Section        0  led.o(i.LED_Config)
    i.Micros                                 0x08000830   Section        0  tim2.o(i.Micros)
    i.NVIC_BaseInit                          0x08000838   Section        0  base.o(i.NVIC_BaseInit)
    i.NVIC_Init                              0x0800085c   Section        0  misc.o(i.NVIC_Init)
    i.RCC_AHB1PeriphClockCmd                 0x080008d4   Section        0  stm32f4xx_rcc.o(i.RCC_AHB1PeriphClockCmd)
    i.RCC_APB1PeriphClockCmd                 0x080008f4   Section        0  stm32f4xx_rcc.o(i.RCC_APB1PeriphClockCmd)
    i.RCC_APB2PeriphClockCmd                 0x08000914   Section        0  stm32f4xx_rcc.o(i.RCC_APB2PeriphClockCmd)
    i.RCC_GetClocksFreq                      0x08000934   Section        0  stm32f4xx_rcc.o(i.RCC_GetClocksFreq)
    i.SR04TXL_TX                             0x08000a1c   Section        0  sr04txl.o(i.SR04TXL_TX)
    i.SR04TXP_Push                           0x08000a5c   Section        0  sr04txp.o(i.SR04TXP_Push)
    i.SR04_Config                            0x08000a7c   Section        0  sr04.o(i.SR04_Config)
    i.SR04_Data                              0x08000adc   Section        0  sr04.o(i.SR04_Data)
    i.SR04_Last                              0x08000aec   Section        0  sr04.o(i.SR04_Last)
    i.SR04_Next                              0x08000b04   Section        0  sr04.o(i.SR04_Next)
    i.SR04_Update                            0x08000b2c   Section        0  sr04.o(i.SR04_Update)
    i.SYSCFG_EXTILineConfig                  0x08000cd4   Section        0  stm32f4xx_syscfg.o(i.SYSCFG_EXTILineConfig)
    i.SetSysClock                            0x08000d14   Section        0  system_stm32f4xx.o(i.SetSysClock)
    SetSysClock                              0x08000d15   Thumb Code   212  system_stm32f4xx.o(i.SetSysClock)
    i.SystemInit                             0x08000df8   Section        0  system_stm32f4xx.o(i.SystemInit)
    i.TIM2_Config                            0x08000e60   Section        0  tim2.o(i.TIM2_Config)
    i.TIM_ARRPreloadConfig                   0x08000e9c   Section        0  stm32f4xx_tim.o(i.TIM_ARRPreloadConfig)
    i.TIM_BaseInit                           0x08000eb4   Section        0  base.o(i.TIM_BaseInit)
    i.TIM_Cmd                                0x08000ee2   Section        0  stm32f4xx_tim.o(i.TIM_Cmd)
    i.TIM_TimeBaseInit                       0x08000efc   Section        0  stm32f4xx_tim.o(i.TIM_TimeBaseInit)
    i.USART2_Config                          0x08000f80   Section        0  usart2.o(i.USART2_Config)
    i.USART2_IRQHandler                      0x08001000   Section        0  usart2.o(i.USART2_IRQHandler)
    i.USART2_PrintBlock                      0x08001074   Section        0  usart2.o(i.USART2_PrintBlock)
    i.USART_BaseInit                         0x0800109c   Section        0  base.o(i.USART_BaseInit)
    i.USART_Cmd                              0x080010da   Section        0  stm32f4xx_usart.o(i.USART_Cmd)
    i.USART_GetFlagStatus                    0x080010f2   Section        0  stm32f4xx_usart.o(i.USART_GetFlagStatus)
    i.USART_GetITStatus                      0x0800110c   Section        0  stm32f4xx_usart.o(i.USART_GetITStatus)
    i.USART_ITConfig                         0x08001160   Section        0  stm32f4xx_usart.o(i.USART_ITConfig)
    i.USART_Init                             0x080011ac   Section        0  stm32f4xx_usart.o(i.USART_Init)
    i.USART_ReceiveData                      0x08001280   Section        0  stm32f4xx_usart.o(i.USART_ReceiveData)
    i.USART_SendData                         0x0800128a   Section        0  stm32f4xx_usart.o(i.USART_SendData)
    i.__scatterload_copy                     0x08001292   Section       14  handlers.o(i.__scatterload_copy)
    i.__scatterload_null                     0x080012a0   Section        2  handlers.o(i.__scatterload_null)
    i.__scatterload_zeroinit                 0x080012a2   Section       14  handlers.o(i.__scatterload_zeroinit)
    i.delay_us                               0x080012b0   Section        0  delay.o(i.delay_us)
    i.free                                   0x080012cc   Section        0  malloc.o(i.free)
    i.main                                   0x0800131c   Section        0  main.o(i.main)
    i.malloc                                 0x0800133c   Section        0  malloc.o(i.malloc)
    .constdata                               0x080013a8   Section      514  crc16.o(.constdata)
    .data                                    0x20000000   Section       16  stm32f4xx_rcc.o(.data)
    APBAHBPrescTable                         0x20000000   Data          16  stm32f4xx_rcc.o(.data)
    .data                                    0x20000010   Section      260  sr04.o(.data)
    index                                    0x20000010   Data           1  sr04.o(.data)
    .data                                    0x20000114   Section        6  sr04txl.o(.data)
    .data                                    0x2000011c   Section        4  usart2.o(.data)
    .data                                    0x20000120   Section        4  mvars.o(.data)
    .data                                    0x20000124   Section        4  mvars.o(.data)
    HEAP                                     0x20000128   Section      512  startup_stm32f4xx.o(HEAP)
    STACK                                    0x20000328   Section     1024  startup_stm32f4xx.o(STACK)

    Global Symbols

    Symbol Name                              Value     Ov Type        Size  Object(Section)

    BuildAttributes$$THM_ISAv4$E$P$D$K$B$S$7EM$VFPi3$EXTD16$VFPS$VFMA$PE$A:L22UL41UL21$X:L11$S22US41US21$IEEE1$IW$USESV6$~STKCKD$USESV7$~SHL$OTIME$ROPI$EBA8$MICROLIB$REQ8$PRES8$EABIv2 0x00000000   Number         0  anon$$obj.o ABSOLUTE
    __ARM_use_no_argv                        0x00000000   Number         0  main.o ABSOLUTE
    __cpp_initialize__aeabi_                  - Undefined Weak Reference
    __cxa_finalize                            - Undefined Weak Reference
    __decompress                              - Undefined Weak Reference
    _clock_init                               - Undefined Weak Reference
    _microlib_exit                            - Undefined Weak Reference
    __Vectors_Size                           0x00000188   Number         0  startup_stm32f4xx.o ABSOLUTE
    __Vectors                                0x08000000   Data           4  startup_stm32f4xx.o(RESET)
    __Vectors_End                            0x08000188   Data           0  startup_stm32f4xx.o(RESET)
    __main                                   0x08000189   Thumb Code     0  entry.o(.ARM.Collect$$$$00000000)
    _main_stk                                0x08000189   Thumb Code     0  entry2.o(.ARM.Collect$$$$00000001)
    _main_scatterload                        0x0800018d   Thumb Code     0  entry5.o(.ARM.Collect$$$$00000004)
    __main_after_scatterload                 0x08000191   Thumb Code     0  entry5.o(.ARM.Collect$$$$00000004)
    _main_clock                              0x08000191   Thumb Code     0  entry7b.o(.ARM.Collect$$$$00000008)
    _main_cpp_init                           0x08000191   Thumb Code     0  entry8b.o(.ARM.Collect$$$$0000000A)
    _main_init                               0x08000191   Thumb Code     0  entry9a.o(.ARM.Collect$$$$0000000B)
    __rt_final_cpp                           0x08000199   Thumb Code     0  entry10a.o(.ARM.Collect$$$$0000000D)
    __rt_final_exit                          0x08000199   Thumb Code     0  entry11a.o(.ARM.Collect$$$$0000000F)
    Reset_Handler                            0x0800019d   Thumb Code     8  startup_stm32f4xx.o(.text)
    NMI_Handler                              0x080001a5   Thumb Code     2  startup_stm32f4xx.o(.text)
    HardFault_Handler                        0x080001a7   Thumb Code     2  startup_stm32f4xx.o(.text)
    MemManage_Handler                        0x080001a9   Thumb Code     2  startup_stm32f4xx.o(.text)
    BusFault_Handler                         0x080001ab   Thumb Code     2  startup_stm32f4xx.o(.text)
    UsageFault_Handler                       0x080001ad   Thumb Code     2  startup_stm32f4xx.o(.text)
    SVC_Handler                              0x080001af   Thumb Code     2  startup_stm32f4xx.o(.text)
    DebugMon_Handler                         0x080001b1   Thumb Code     2  startup_stm32f4xx.o(.text)
    PendSV_Handler                           0x080001b3   Thumb Code     2  startup_stm32f4xx.o(.text)
    SysTick_Handler                          0x080001b5   Thumb Code     2  startup_stm32f4xx.o(.text)
    ADC_IRQHandler                           0x080001b7   Thumb Code     0  startup_stm32f4xx.o(.text)
    CAN1_RX0_IRQHandler                      0x080001b7   Thumb Code     0  startup_stm32f4xx.o(.text)
    CAN1_RX1_IRQHandler                      0x080001b7   Thumb Code     0  startup_stm32f4xx.o(.text)
    CAN1_SCE_IRQHandler                      0x080001b7   Thumb Code     0  startup_stm32f4xx.o(.text)
    CAN1_TX_IRQHandler                       0x080001b7   Thumb Code     0  startup_stm32f4xx.o(.text)
    CAN2_RX0_IRQHandler                      0x080001b7   Thumb Code     0  startup_stm32f4xx.o(.text)
    CAN2_RX1_IRQHandler                      0x080001b7   Thumb Code     0  startup_stm32f4xx.o(.text)
    CAN2_SCE_IRQHandler                      0x080001b7   Thumb Code     0  startup_stm32f4xx.o(.text)
    CAN2_TX_IRQHandler                       0x080001b7   Thumb Code     0  startup_stm32f4xx.o(.text)
    CRYP_IRQHandler                          0x080001b7   Thumb Code     0  startup_stm32f4xx.o(.text)
    DCMI_IRQHandler                          0x080001b7   Thumb Code     0  startup_stm32f4xx.o(.text)
    DMA1_Stream0_IRQHandler                  0x080001b7   Thumb Code     0  startup_stm32f4xx.o(.text)
    DMA1_Stream1_IRQHandler                  0x080001b7   Thumb Code     0  startup_stm32f4xx.o(.text)
    DMA1_Stream2_IRQHandler                  0x080001b7   Thumb Code     0  startup_stm32f4xx.o(.text)
    DMA1_Stream3_IRQHandler                  0x080001b7   Thumb Code     0  startup_stm32f4xx.o(.text)
    DMA1_Stream4_IRQHandler                  0x080001b7   Thumb Code     0  startup_stm32f4xx.o(.text)
    DMA1_Stream5_IRQHandler                  0x080001b7   Thumb Code     0  startup_stm32f4xx.o(.text)
    DMA1_Stream6_IRQHandler                  0x080001b7   Thumb Code     0  startup_stm32f4xx.o(.text)
    DMA1_Stream7_IRQHandler                  0x080001b7   Thumb Code     0  startup_stm32f4xx.o(.text)
    DMA2_Stream0_IRQHandler                  0x080001b7   Thumb Code     0  startup_stm32f4xx.o(.text)
    DMA2_Stream1_IRQHandler                  0x080001b7   Thumb Code     0  startup_stm32f4xx.o(.text)
    DMA2_Stream2_IRQHandler                  0x080001b7   Thumb Code     0  startup_stm32f4xx.o(.text)
    DMA2_Stream3_IRQHandler                  0x080001b7   Thumb Code     0  startup_stm32f4xx.o(.text)
    DMA2_Stream4_IRQHandler                  0x080001b7   Thumb Code     0  startup_stm32f4xx.o(.text)
    DMA2_Stream5_IRQHandler                  0x080001b7   Thumb Code     0  startup_stm32f4xx.o(.text)
    DMA2_Stream6_IRQHandler                  0x080001b7   Thumb Code     0  startup_stm32f4xx.o(.text)
    DMA2_Stream7_IRQHandler                  0x080001b7   Thumb Code     0  startup_stm32f4xx.o(.text)
    ETH_IRQHandler                           0x080001b7   Thumb Code     0  startup_stm32f4xx.o(.text)
    ETH_WKUP_IRQHandler                      0x080001b7   Thumb Code     0  startup_stm32f4xx.o(.text)
    EXTI0_IRQHandler                         0x080001b7   Thumb Code     0  startup_stm32f4xx.o(.text)
    EXTI1_IRQHandler                         0x080001b7   Thumb Code     0  startup_stm32f4xx.o(.text)
    EXTI2_IRQHandler                         0x080001b7   Thumb Code     0  startup_stm32f4xx.o(.text)
    EXTI3_IRQHandler                         0x080001b7   Thumb Code     0  startup_stm32f4xx.o(.text)
    EXTI4_IRQHandler                         0x080001b7   Thumb Code     0  startup_stm32f4xx.o(.text)
    EXTI9_5_IRQHandler                       0x080001b7   Thumb Code     0  startup_stm32f4xx.o(.text)
    FLASH_IRQHandler                         0x080001b7   Thumb Code     0  startup_stm32f4xx.o(.text)
    FPU_IRQHandler                           0x080001b7   Thumb Code     0  startup_stm32f4xx.o(.text)
    FSMC_IRQHandler                          0x080001b7   Thumb Code     0  startup_stm32f4xx.o(.text)
    HASH_RNG_IRQHandler                      0x080001b7   Thumb Code     0  startup_stm32f4xx.o(.text)
    I2C1_ER_IRQHandler                       0x080001b7   Thumb Code     0  startup_stm32f4xx.o(.text)
    I2C1_EV_IRQHandler                       0x080001b7   Thumb Code     0  startup_stm32f4xx.o(.text)
    I2C2_ER_IRQHandler                       0x080001b7   Thumb Code     0  startup_stm32f4xx.o(.text)
    I2C2_EV_IRQHandler                       0x080001b7   Thumb Code     0  startup_stm32f4xx.o(.text)
    I2C3_ER_IRQHandler                       0x080001b7   Thumb Code     0  startup_stm32f4xx.o(.text)
    I2C3_EV_IRQHandler                       0x080001b7   Thumb Code     0  startup_stm32f4xx.o(.text)
    OTG_FS_IRQHandler                        0x080001b7   Thumb Code     0  startup_stm32f4xx.o(.text)
    OTG_FS_WKUP_IRQHandler                   0x080001b7   Thumb Code     0  startup_stm32f4xx.o(.text)
    OTG_HS_EP1_IN_IRQHandler                 0x080001b7   Thumb Code     0  startup_stm32f4xx.o(.text)
    OTG_HS_EP1_OUT_IRQHandler                0x080001b7   Thumb Code     0  startup_stm32f4xx.o(.text)
    OTG_HS_IRQHandler                        0x080001b7   Thumb Code     0  startup_stm32f4xx.o(.text)
    OTG_HS_WKUP_IRQHandler                   0x080001b7   Thumb Code     0  startup_stm32f4xx.o(.text)
    PVD_IRQHandler                           0x080001b7   Thumb Code     0  startup_stm32f4xx.o(.text)
    RCC_IRQHandler                           0x080001b7   Thumb Code     0  startup_stm32f4xx.o(.text)
    RTC_Alarm_IRQHandler                     0x080001b7   Thumb Code     0  startup_stm32f4xx.o(.text)
    RTC_WKUP_IRQHandler                      0x080001b7   Thumb Code     0  startup_stm32f4xx.o(.text)
    SDIO_IRQHandler                          0x080001b7   Thumb Code     0  startup_stm32f4xx.o(.text)
    SPI1_IRQHandler                          0x080001b7   Thumb Code     0  startup_stm32f4xx.o(.text)
    SPI2_IRQHandler                          0x080001b7   Thumb Code     0  startup_stm32f4xx.o(.text)
    SPI3_IRQHandler                          0x080001b7   Thumb Code     0  startup_stm32f4xx.o(.text)
    TAMP_STAMP_IRQHandler                    0x080001b7   Thumb Code     0  startup_stm32f4xx.o(.text)
    TIM1_BRK_TIM9_IRQHandler                 0x080001b7   Thumb Code     0  startup_stm32f4xx.o(.text)
    TIM1_CC_IRQHandler                       0x080001b7   Thumb Code     0  startup_stm32f4xx.o(.text)
    TIM1_TRG_COM_TIM11_IRQHandler            0x080001b7   Thumb Code     0  startup_stm32f4xx.o(.text)
    TIM1_UP_TIM10_IRQHandler                 0x080001b7   Thumb Code     0  startup_stm32f4xx.o(.text)
    TIM2_IRQHandler                          0x080001b7   Thumb Code     0  startup_stm32f4xx.o(.text)
    TIM3_IRQHandler                          0x080001b7   Thumb Code     0  startup_stm32f4xx.o(.text)
    TIM4_IRQHandler                          0x080001b7   Thumb Code     0  startup_stm32f4xx.o(.text)
    TIM5_IRQHandler                          0x080001b7   Thumb Code     0  startup_stm32f4xx.o(.text)
    TIM6_DAC_IRQHandler                      0x080001b7   Thumb Code     0  startup_stm32f4xx.o(.text)
    TIM7_IRQHandler                          0x080001b7   Thumb Code     0  startup_stm32f4xx.o(.text)
    TIM8_BRK_TIM12_IRQHandler                0x080001b7   Thumb Code     0  startup_stm32f4xx.o(.text)
    TIM8_CC_IRQHandler                       0x080001b7   Thumb Code     0  startup_stm32f4xx.o(.text)
    TIM8_TRG_COM_TIM14_IRQHandler            0x080001b7   Thumb Code     0  startup_stm32f4xx.o(.text)
    TIM8_UP_TIM13_IRQHandler                 0x080001b7   Thumb Code     0  startup_stm32f4xx.o(.text)
    UART4_IRQHandler                         0x080001b7   Thumb Code     0  startup_stm32f4xx.o(.text)
    UART5_IRQHandler                         0x080001b7   Thumb Code     0  startup_stm32f4xx.o(.text)
    USART1_IRQHandler                        0x080001b7   Thumb Code     0  startup_stm32f4xx.o(.text)
    USART3_IRQHandler                        0x080001b7   Thumb Code     0  startup_stm32f4xx.o(.text)
    USART6_IRQHandler                        0x080001b7   Thumb Code     0  startup_stm32f4xx.o(.text)
    WWDG_IRQHandler                          0x080001b7   Thumb Code     0  startup_stm32f4xx.o(.text)
    __aeabi_memcpy                           0x080001c1   Thumb Code    36  memcpya.o(.text)
    __aeabi_memcpy4                          0x080001c1   Thumb Code     0  memcpya.o(.text)
    __aeabi_memcpy8                          0x080001c1   Thumb Code     0  memcpya.o(.text)
    __aeabi_l2f                              0x080001e5   Thumb Code    44  ffltl.o(.text)
    __I$use$fp                               0x08000211   Thumb Code     0  iusefp.o(.text)
    _float_round                             0x08000211   Thumb Code    18  fepilogue.o(.text)
    _float_epilogue                          0x08000223   Thumb Code    92  fepilogue.o(.text)
    __scatterload                            0x08000281   Thumb Code    28  init.o(.text)
    __scatterload_rt2                        0x08000281   Thumb Code     0  init.o(.text)
    Btn_Config                               0x080002a5   Thumb Code    72  btn.o(i.Btn_Config)
    Buzzer_Config                            0x080002f1   Thumb Code    40  buzzer.o(i.Buzzer_Config)
    CRC16Append                              0x0800031d   Thumb Code    44  crc16.o(i.CRC16Append)
    CRC16Calc                                0x08000349   Thumb Code    48  crc16.o(i.CRC16Calc)
    EXTI15_10_IRQHandler                     0x0800037d   Thumb Code    30  btn.o(i.EXTI15_10_IRQHandler)
    EXTI_BaseInit                            0x080003a1   Thumb Code    36  base.o(i.EXTI_BaseInit)
    EXTI_ClearITPendingBit                   0x080003c5   Thumb Code     6  stm32f4xx_exti.o(i.EXTI_ClearITPendingBit)
    EXTI_GetITStatus                         0x080003d1   Thumb Code    34  stm32f4xx_exti.o(i.EXTI_GetITStatus)
    EXTI_Init                                0x080003f9   Thumb Code   142  stm32f4xx_exti.o(i.EXTI_Init)
    FIFO_Create                              0x0800048d   Thumb Code    54  fifo.o(i.FIFO_Create)
    FIFO_IsEmpty                             0x080004c3   Thumb Code    14  fifo.o(i.FIFO_IsEmpty)
    FIFO_Pop                                 0x080004d1   Thumb Code   124  fifo.o(i.FIFO_Pop)
    FIFO_Push                                0x0800054d   Thumb Code   156  fifo.o(i.FIFO_Push)
    GPIO_BaseInit                            0x080005e9   Thumb Code   172  base.o(i.GPIO_BaseInit)
    GPIO_Init                                0x080006b9   Thumb Code   144  stm32f4xx_gpio.o(i.GPIO_Init)
    GPIO_PinAFConfig                         0x08000749   Thumb Code    70  stm32f4xx_gpio.o(i.GPIO_PinAFConfig)
    GPIO_ReadInputDataBit                    0x0800078f   Thumb Code    18  stm32f4xx_gpio.o(i.GPIO_ReadInputDataBit)
    GPIO_ResetBits                           0x080007a1   Thumb Code     4  stm32f4xx_gpio.o(i.GPIO_ResetBits)
    GPIO_SetBits                             0x080007a5   Thumb Code     4  stm32f4xx_gpio.o(i.GPIO_SetBits)
    GPIO_ToggleBits                          0x080007a9   Thumb Code     8  stm32f4xx_gpio.o(i.GPIO_ToggleBits)
    IOPort_Init                              0x080007b1   Thumb Code    36  base.o(i.IOPort_Init)
    IOPort_Read                              0x080007d5   Thumb Code    16  base.o(i.IOPort_Read)
    IOPort_Reset                             0x080007e5   Thumb Code    16  base.o(i.IOPort_Reset)
    IOPort_Set                               0x080007f5   Thumb Code    16  base.o(i.IOPort_Set)
    LED_Config                               0x08000805   Thumb Code    38  led.o(i.LED_Config)
    Micros                                   0x08000831   Thumb Code     8  tim2.o(i.Micros)
    NVIC_BaseInit                            0x08000839   Thumb Code    34  base.o(i.NVIC_BaseInit)
    NVIC_Init                                0x0800085d   Thumb Code   106  misc.o(i.NVIC_Init)
    RCC_AHB1PeriphClockCmd                   0x080008d5   Thumb Code    26  stm32f4xx_rcc.o(i.RCC_AHB1PeriphClockCmd)
    RCC_APB1PeriphClockCmd                   0x080008f5   Thumb Code    26  stm32f4xx_rcc.o(i.RCC_APB1PeriphClockCmd)
    RCC_APB2PeriphClockCmd                   0x08000915   Thumb Code    26  stm32f4xx_rcc.o(i.RCC_APB2PeriphClockCmd)
    RCC_GetClocksFreq                        0x08000935   Thumb Code   214  stm32f4xx_rcc.o(i.RCC_GetClocksFreq)
    SR04TXL_TX                               0x08000a1d   Thumb Code    54  sr04txl.o(i.SR04TXL_TX)
    SR04TXP_Push                             0x08000a5d   Thumb Code    30  sr04txp.o(i.SR04TXP_Push)
    SR04_Config                              0x08000a7d   Thumb Code    88  sr04.o(i.SR04_Config)
    SR04_Data                                0x08000add   Thumb Code    12  sr04.o(i.SR04_Data)
    SR04_Last                                0x08000aed   Thumb Code    20  sr04.o(i.SR04_Last)
    SR04_Next                                0x08000b05   Thumb Code    34  sr04.o(i.SR04_Next)
    SR04_Update                              0x08000b2d   Thumb Code   412  sr04.o(i.SR04_Update)
    SYSCFG_EXTILineConfig                    0x08000cd5   Thumb Code    60  stm32f4xx_syscfg.o(i.SYSCFG_EXTILineConfig)
    SystemInit                               0x08000df9   Thumb Code    88  system_stm32f4xx.o(i.SystemInit)
    TIM2_Config                              0x08000e61   Thumb Code    60  tim2.o(i.TIM2_Config)
    TIM_ARRPreloadConfig                     0x08000e9d   Thumb Code    24  stm32f4xx_tim.o(i.TIM_ARRPreloadConfig)
    TIM_BaseInit                             0x08000eb5   Thumb Code    46  base.o(i.TIM_BaseInit)
    TIM_Cmd                                  0x08000ee3   Thumb Code    24  stm32f4xx_tim.o(i.TIM_Cmd)
    TIM_TimeBaseInit                         0x08000efd   Thumb Code   104  stm32f4xx_tim.o(i.TIM_TimeBaseInit)
    USART2_Config                            0x08000f81   Thumb Code   116  usart2.o(i.USART2_Config)
    USART2_IRQHandler                        0x08001001   Thumb Code   108  usart2.o(i.USART2_IRQHandler)
    USART2_PrintBlock                        0x08001075   Thumb Code    32  usart2.o(i.USART2_PrintBlock)
    USART_BaseInit                           0x0800109d   Thumb Code    62  base.o(i.USART_BaseInit)
    USART_Cmd                                0x080010db   Thumb Code    24  stm32f4xx_usart.o(i.USART_Cmd)
    USART_GetFlagStatus                      0x080010f3   Thumb Code    26  stm32f4xx_usart.o(i.USART_GetFlagStatus)
    USART_GetITStatus                        0x0800110d   Thumb Code    84  stm32f4xx_usart.o(i.USART_GetITStatus)
    USART_ITConfig                           0x08001161   Thumb Code    74  stm32f4xx_usart.o(i.USART_ITConfig)
    USART_Init                               0x080011ad   Thumb Code   204  stm32f4xx_usart.o(i.USART_Init)
    USART_ReceiveData                        0x08001281   Thumb Code    10  stm32f4xx_usart.o(i.USART_ReceiveData)
    USART_SendData                           0x0800128b   Thumb Code     8  stm32f4xx_usart.o(i.USART_SendData)
    __scatterload_copy                       0x08001293   Thumb Code    14  handlers.o(i.__scatterload_copy)
    __scatterload_null                       0x080012a1   Thumb Code     2  handlers.o(i.__scatterload_null)
    __scatterload_zeroinit                   0x080012a3   Thumb Code    14  handlers.o(i.__scatterload_zeroinit)
    delay_us                                 0x080012b1   Thumb Code    26  delay.o(i.delay_us)
    free                                     0x080012cd   Thumb Code    76  malloc.o(i.free)
    main                                     0x0800131d   Thumb Code    32  main.o(i.main)
    malloc                                   0x0800133d   Thumb Code    92  malloc.o(i.malloc)
    CRC16Table                               0x080013a8   Data         512  crc16.o(.constdata)
    INIT_CRC16                               0x080015a8   Data           2  crc16.o(.constdata)
    Region$$Table$$Base                      0x080015ac   Number         0  anon$$obj.o(Region$$Table)
    Region$$Table$$Limit                     0x080015cc   Number         0  anon$$obj.o(Region$$Table)
    sr04                                     0x20000014   Data         256  sr04.o(.data)
    txp                                      0x20000114   Data           6  sr04txl.o(.data)
    usart2fifo                               0x2000011c   Data           4  usart2.o(.data)
    __microlib_freelist                      0x20000120   Data           4  mvars.o(.data)
    __microlib_freelist_initialised          0x20000124   Data           4  mvars.o(.data)
    __heap_base                              0x20000128   Data           0  startup_stm32f4xx.o(HEAP)
    __heap_limit                             0x20000328   Data           0  startup_stm32f4xx.o(HEAP)
    __initial_sp                             0x20000728   Data           0  startup_stm32f4xx.o(STACK)



==============================================================================

Memory Map of the image

  Image Entry point : 0x08000189

  Load Region LR_IROM1 (Base: 0x08000000, Size: 0x000016f4, Max: 0x00080000, ABSOLUTE)

    Execution Region ER_IROM1 (Base: 0x08000000, Size: 0x000015cc, Max: 0x00080000, ABSOLUTE)

    Base Addr    Size         Type   Attr      Idx    E Section Name        Object

    0x08000000   0x00000188   Data   RO         1671    RESET               startup_stm32f4xx.o
    0x08000188   0x00000000   Code   RO         2290  * .ARM.Collect$$$$00000000  mc_w.l(entry.o)
    0x08000188   0x00000004   Code   RO         2327    .ARM.Collect$$$$00000001  mc_w.l(entry2.o)
    0x0800018c   0x00000004   Code   RO         2330    .ARM.Collect$$$$00000004  mc_w.l(entry5.o)
    0x08000190   0x00000000   Code   RO         2332    .ARM.Collect$$$$00000008  mc_w.l(entry7b.o)
    0x08000190   0x00000000   Code   RO         2334    .ARM.Collect$$$$0000000A  mc_w.l(entry8b.o)
    0x08000190   0x00000008   Code   RO         2335    .ARM.Collect$$$$0000000B  mc_w.l(entry9a.o)
    0x08000198   0x00000000   Code   RO         2337    .ARM.Collect$$$$0000000D  mc_w.l(entry10a.o)
    0x08000198   0x00000000   Code   RO         2339    .ARM.Collect$$$$0000000F  mc_w.l(entry11a.o)
    0x08000198   0x00000004   Code   RO         2328    .ARM.Collect$$$$00002712  mc_w.l(entry2.o)
    0x0800019c   0x00000024   Code   RO         1672    .text               startup_stm32f4xx.o
    0x080001c0   0x00000024   Code   RO         2293    .text               mc_w.l(memcpya.o)
    0x080001e4   0x0000002c   Code   RO         2325    .text               mf_w.l(ffltl.o)
    0x08000210   0x00000000   Code   RO         2343    .text               mc_w.l(iusefp.o)
    0x08000210   0x0000006e   Code   RO         2344    .text               mf_w.l(fepilogue.o)
    0x0800027e   0x00000002   PAD
    0x08000280   0x00000024   Code   RO         2346    .text               mc_w.l(init.o)
    0x080002a4   0x0000004c   Code   RO         1773    i.Btn_Config        btn.o
    0x080002f0   0x0000002c   Code   RO         1858    i.Buzzer_Config     buzzer.o
    0x0800031c   0x0000002c   Code   RO         2202    i.CRC16Append       crc16.o
    0x08000348   0x00000034   Code   RO         2203    i.CRC16Calc         crc16.o
    0x0800037c   0x00000024   Code   RO         1774    i.EXTI15_10_IRQHandler  btn.o
    0x080003a0   0x00000024   Code   RO         1681    i.EXTI_BaseInit     base.o
    0x080003c4   0x0000000c   Code   RO          395    i.EXTI_ClearITPendingBit  stm32f4xx_exti.o
    0x080003d0   0x00000028   Code   RO          399    i.EXTI_GetITStatus  stm32f4xx_exti.o
    0x080003f8   0x00000094   Code   RO          400    i.EXTI_Init         stm32f4xx_exti.o
    0x0800048c   0x00000036   Code   RO         2036    i.FIFO_Create       fifo.o
    0x080004c2   0x0000000e   Code   RO         2040    i.FIFO_IsEmpty      fifo.o
    0x080004d0   0x0000007c   Code   RO         2042    i.FIFO_Pop          fifo.o
    0x0800054c   0x0000009c   Code   RO         2043    i.FIFO_Push         fifo.o
    0x080005e8   0x000000d0   Code   RO         1682    i.GPIO_BaseInit     base.o
    0x080006b8   0x00000090   Code   RO          457    i.GPIO_Init         stm32f4xx_gpio.o
    0x08000748   0x00000046   Code   RO          458    i.GPIO_PinAFConfig  stm32f4xx_gpio.o
    0x0800078e   0x00000012   Code   RO          461    i.GPIO_ReadInputDataBit  stm32f4xx_gpio.o
    0x080007a0   0x00000004   Code   RO          464    i.GPIO_ResetBits    stm32f4xx_gpio.o
    0x080007a4   0x00000004   Code   RO          465    i.GPIO_SetBits      stm32f4xx_gpio.o
    0x080007a8   0x00000008   Code   RO          467    i.GPIO_ToggleBits   stm32f4xx_gpio.o
    0x080007b0   0x00000024   Code   RO         1683    i.IOPort_Init       base.o
    0x080007d4   0x00000010   Code   RO         1684    i.IOPort_Read       base.o
    0x080007e4   0x00000010   Code   RO         1685    i.IOPort_Reset      base.o
    0x080007f4   0x00000010   Code   RO         1686    i.IOPort_Set        base.o
    0x08000804   0x0000002c   Code   RO         1878    i.LED_Config        led.o
    0x08000830   0x00000008   Code   RO         2000    i.Micros            tim2.o
    0x08000838   0x00000022   Code   RO         1687    i.NVIC_BaseInit     base.o
    0x0800085a   0x00000002   PAD
    0x0800085c   0x00000078   Code   RO            3    i.NVIC_Init         misc.o
    0x080008d4   0x00000020   Code   RO          554    i.RCC_AHB1PeriphClockCmd  stm32f4xx_rcc.o
    0x080008f4   0x00000020   Code   RO          563    i.RCC_APB1PeriphClockCmd  stm32f4xx_rcc.o
    0x08000914   0x00000020   Code   RO          566    i.RCC_APB2PeriphClockCmd  stm32f4xx_rcc.o
    0x08000934   0x000000e8   Code   RO          575    i.RCC_GetClocksFreq  stm32f4xx_rcc.o
    0x08000a1c   0x00000040   Code   RO         1977    i.SR04TXL_TX        sr04txl.o
    0x08000a5c   0x0000001e   Code   RO         1952    i.SR04TXP_Push      sr04txp.o
    0x08000a7a   0x00000002   PAD
    0x08000a7c   0x00000060   Code   RO         1898    i.SR04_Config       sr04.o
    0x08000adc   0x00000010   Code   RO         1899    i.SR04_Data         sr04.o
    0x08000aec   0x00000018   Code   RO         1900    i.SR04_Last         sr04.o
    0x08000b04   0x00000028   Code   RO         1901    i.SR04_Next         sr04.o
    0x08000b2c   0x000001a8   Code   RO         1903    i.SR04_Update       sr04.o
    0x08000cd4   0x00000040   Code   RO          837    i.SYSCFG_EXTILineConfig  stm32f4xx_syscfg.o
    0x08000d14   0x000000e4   Code   RO         1634    i.SetSysClock       system_stm32f4xx.o
    0x08000df8   0x00000068   Code   RO         1636    i.SystemInit        system_stm32f4xx.o
    0x08000e60   0x0000003c   Code   RO         2003    i.TIM2_Config       tim2.o
    0x08000e9c   0x00000018   Code   RO          888    i.TIM_ARRPreloadConfig  stm32f4xx_tim.o
    0x08000eb4   0x0000002e   Code   RO         1688    i.TIM_BaseInit      base.o
    0x08000ee2   0x00000018   Code   RO          900    i.TIM_Cmd           stm32f4xx_tim.o
    0x08000efa   0x00000002   PAD
    0x08000efc   0x00000084   Code   RO          972    i.TIM_TimeBaseInit  stm32f4xx_tim.o
    0x08000f80   0x00000080   Code   RO         2127    i.USART2_Config     usart2.o
    0x08001000   0x00000074   Code   RO         2128    i.USART2_IRQHandler  usart2.o
    0x08001074   0x00000028   Code   RO         2129    i.USART2_PrintBlock  usart2.o
    0x0800109c   0x0000003e   Code   RO         1690    i.USART_BaseInit    base.o
    0x080010da   0x00000018   Code   RO         1450    i.USART_Cmd         stm32f4xx_usart.o
    0x080010f2   0x0000001a   Code   RO         1453    i.USART_GetFlagStatus  stm32f4xx_usart.o
    0x0800110c   0x00000054   Code   RO         1454    i.USART_GetITStatus  stm32f4xx_usart.o
    0x08001160   0x0000004a   Code   RO         1456    i.USART_ITConfig    stm32f4xx_usart.o
    0x080011aa   0x00000002   PAD
    0x080011ac   0x000000d4   Code   RO         1457    i.USART_Init        stm32f4xx_usart.o
    0x08001280   0x0000000a   Code   RO         1464    i.USART_ReceiveData  stm32f4xx_usart.o
    0x0800128a   0x00000008   Code   RO         1467    i.USART_SendData    stm32f4xx_usart.o
    0x08001292   0x0000000e   Code   RO         2350    i.__scatterload_copy  mc_w.l(handlers.o)
    0x080012a0   0x00000002   Code   RO         2351    i.__scatterload_null  mc_w.l(handlers.o)
    0x080012a2   0x0000000e   Code   RO         2352    i.__scatterload_zeroinit  mc_w.l(handlers.o)
    0x080012b0   0x0000001a   Code   RO         2102    i.delay_us          delay.o
    0x080012ca   0x00000002   PAD
    0x080012cc   0x00000050   Code   RO         2297    i.free              mc_w.l(malloc.o)
    0x0800131c   0x00000020   Code   RO         2272    i.main              main.o
    0x0800133c   0x0000006c   Code   RO         2298    i.malloc            mc_w.l(malloc.o)
    0x080013a8   0x00000202   Data   RO         2205    .constdata          crc16.o
    0x080015aa   0x00000002   PAD
    0x080015ac   0x00000020   Data   RO         2348    Region$$Table       anon$$obj.o


    Execution Region RW_IRAM1 (Base: 0x20000000, Size: 0x00000728, Max: 0x00018000, ABSOLUTE)

    Base Addr    Size         Type   Attr      Idx    E Section Name        Object

    0x20000000   0x00000010   Data   RW          598    .data               stm32f4xx_rcc.o
    0x20000010   0x00000104   Data   RW         1904    .data               sr04.o
    0x20000114   0x00000006   Data   RW         1978    .data               sr04txl.o
    0x2000011a   0x00000002   PAD
    0x2000011c   0x00000004   Data   RW         2132    .data               usart2.o
    0x20000120   0x00000004   Data   RW         2341    .data               mc_w.l(mvars.o)
    0x20000124   0x00000004   Data   RW         2342    .data               mc_w.l(mvars.o)
    0x20000128   0x00000200   Zero   RW         1670    HEAP                startup_stm32f4xx.o
    0x20000328   0x00000400   Zero   RW         1669    STACK               startup_stm32f4xx.o


==============================================================================

Image component sizes


      Code (inc. data)   RO Data    RW Data    ZI Data      Debug   Object Name

       470         36          0          0          0      10348   base.o
       112         10          0          0          0       2076   btn.o
        44          4          0          0          0        444   buzzer.o
        96          4        514          0          0       1746   crc16.o
        26          0          0          0          0        539   delay.o
       348          0          0          0          0       3280   fifo.o
        44          6          0          0          0        433   led.o
        32          0          0          0          0        451   main.o
       120         14          0          0          0     261212   misc.o
       600         34          0        260          0       3051   sr04.o
        64         10          0          6          0        711   sr04txl.o
        30          0          0          0          0        811   sr04txp.o
        36          8        392          0       1536        792   startup_stm32f4xx.o
       200         18          0          0          0       1924   stm32f4xx_exti.o
       248          0          0          0          0       3737   stm32f4xx_gpio.o
       328         36          0         16          0       4063   stm32f4xx_rcc.o
        64          4          0          0          0        600   stm32f4xx_syscfg.o
       180         28          0          0          0       2172   stm32f4xx_tim.o
       438          8          0          0          0       5077   stm32f4xx_usart.o
       332         32          0          0          0       1405   system_stm32f4xx.o
        68          0          0          0          0        875   tim2.o
       284         28          0          4          0       2001   usart2.o

    ----------------------------------------------------------------------
      4174        280        940        288       1536     307748   Object Totals
         0          0         32          0          0          0   (incl. Generated)
        10          0          2          2          0          0   (incl. Padding)

    ----------------------------------------------------------------------

      Code (inc. data)   RO Data    RW Data    ZI Data      Debug   Library Member Name

         0          0          0          0          0          0   entry.o
         0          0          0          0          0          0   entry10a.o
         0          0          0          0          0          0   entry11a.o
         8          4          0          0          0          0   entry2.o
         4          0          0          0          0          0   entry5.o
         0          0          0          0          0          0   entry7b.o
         0          0          0          0          0          0   entry8b.o
         8          4          0          0          0          0   entry9a.o
        30          0          0          0          0          0   handlers.o
        36          8          0          0          0         68   init.o
         0          0          0          0          0          0   iusefp.o
       188         20          0          0          0        160   malloc.o
        36          0          0          0          0         68   memcpya.o
         0          0          0          8          0          0   mvars.o
       110          0          0          0          0        168   fepilogue.o
        44          0          0          0          0         92   ffltl.o

    ----------------------------------------------------------------------
       466         36          0          8          0        556   Library Totals
         2          0          0          0          0          0   (incl. Padding)

    ----------------------------------------------------------------------

      Code (inc. data)   RO Data    RW Data    ZI Data      Debug   Library Name

       310         36          0          8          0        296   mc_w.l
       154          0          0          0          0        260   mf_w.l

    ----------------------------------------------------------------------
       466         36          0          8          0        556   Library Totals

    ----------------------------------------------------------------------

==============================================================================


      Code (inc. data)   RO Data    RW Data    ZI Data      Debug   

      4640        316        940        296       1536     302852   Grand Totals
      4640        316        940        296       1536     302852   ELF Image Totals
      4640        316        940        296          0          0   ROM Totals

==============================================================================

    Total RO  Size (Code + RO Data)                 5580 (   5.45kB)
    Total RW  Size (RW Data + ZI Data)              1832 (   1.79kB)
    Total ROM Size (Code + RO Data + RW Data)       5876 (   5.74kB)

==============================================================================

